Archive member included to satisfy reference by file (symbol)

C:\Users\DELL\AppData\Local\Temp\arduino\sketches\304AA5B8CE69DCF7CC740909698E0E45/..\..\cores\arduino_samd_mkrwifi1010_80f043dff363cc91995147f06d01f4ff\core.a(SERCOM.cpp.o)
                              C:\Users\DELL\AppData\Local\Temp\arduino\sketches\304AA5B8CE69DCF7CC740909698E0E45\core\variant.cpp.o (SERCOM::SERCOM(Sercom*))
C:\Users\DELL\AppData\Local\Temp\arduino\sketches\304AA5B8CE69DCF7CC740909698E0E45/..\..\cores\arduino_samd_mkrwifi1010_80f043dff363cc91995147f06d01f4ff\core.a(Uart.cpp.o)
                              C:\Users\DELL\AppData\Local\Temp\arduino\sketches\304AA5B8CE69DCF7CC740909698E0E45\core\variant.cpp.o (Uart::Uart(SERCOM*, unsigned char, unsigned char, SercomRXPad, SercomUartTXPad, unsigned char, unsigned char))
C:\Users\DELL\AppData\Local\Temp\arduino\sketches\304AA5B8CE69DCF7CC740909698E0E45/..\..\cores\arduino_samd_mkrwifi1010_80f043dff363cc91995147f06d01f4ff\core.a(Print.cpp.o)
                              C:\Users\DELL\AppData\Local\Temp\arduino\sketches\304AA5B8CE69DCF7CC740909698E0E45/..\..\cores\arduino_samd_mkrwifi1010_80f043dff363cc91995147f06d01f4ff\core.a(Uart.cpp.o) (arduino::Print::write(unsigned char const*, unsigned int))
C:\Users\DELL\AppData\Local\Temp\arduino\sketches\304AA5B8CE69DCF7CC740909698E0E45/..\..\cores\arduino_samd_mkrwifi1010_80f043dff363cc91995147f06d01f4ff\core.a(cortex_handlers.c.o)
                              (Reset_Handler)
C:\Users\DELL\AppData\Local\Temp\arduino\sketches\304AA5B8CE69DCF7CC740909698E0E45/..\..\cores\arduino_samd_mkrwifi1010_80f043dff363cc91995147f06d01f4ff\core.a(delay.c.o)
                              C:\Users\DELL\AppData\Local\Temp\arduino\sketches\304AA5B8CE69DCF7CC740909698E0E45\sketch\ard_led.ino.cpp.o (delay)
C:\Users\DELL\AppData\Local\Temp\arduino\sketches\304AA5B8CE69DCF7CC740909698E0E45/..\..\cores\arduino_samd_mkrwifi1010_80f043dff363cc91995147f06d01f4ff\core.a(hooks.c.o)
                              C:\Users\DELL\AppData\Local\Temp\arduino\sketches\304AA5B8CE69DCF7CC740909698E0E45/..\..\cores\arduino_samd_mkrwifi1010_80f043dff363cc91995147f06d01f4ff\core.a(delay.c.o) (yield)
C:\Users\DELL\AppData\Local\Temp\arduino\sketches\304AA5B8CE69DCF7CC740909698E0E45/..\..\cores\arduino_samd_mkrwifi1010_80f043dff363cc91995147f06d01f4ff\core.a(main.cpp.o)
                              c:/users/dell/appdata/local/arduino15/packages/arduino/tools/arm-none-eabi-gcc/7-2017q4/bin/../lib/gcc/arm-none-eabi/7.2.1/../../../../arm-none-eabi/lib/thumb/v6-m/crt0.o (main)
C:\Users\DELL\AppData\Local\Temp\arduino\sketches\304AA5B8CE69DCF7CC740909698E0E45/..\..\cores\arduino_samd_mkrwifi1010_80f043dff363cc91995147f06d01f4ff\core.a(startup.c.o)
                              C:\Users\DELL\AppData\Local\Temp\arduino\sketches\304AA5B8CE69DCF7CC740909698E0E45/..\..\cores\arduino_samd_mkrwifi1010_80f043dff363cc91995147f06d01f4ff\core.a(cortex_handlers.c.o) (SystemInit)
C:\Users\DELL\AppData\Local\Temp\arduino\sketches\304AA5B8CE69DCF7CC740909698E0E45/..\..\cores\arduino_samd_mkrwifi1010_80f043dff363cc91995147f06d01f4ff\core.a(wiring.c.o)
                              C:\Users\DELL\AppData\Local\Temp\arduino\sketches\304AA5B8CE69DCF7CC740909698E0E45/..\..\cores\arduino_samd_mkrwifi1010_80f043dff363cc91995147f06d01f4ff\core.a(main.cpp.o) (init)
C:\Users\DELL\AppData\Local\Temp\arduino\sketches\304AA5B8CE69DCF7CC740909698E0E45/..\..\cores\arduino_samd_mkrwifi1010_80f043dff363cc91995147f06d01f4ff\core.a(wiring_analog.c.o)
                              C:\Users\DELL\AppData\Local\Temp\arduino\sketches\304AA5B8CE69DCF7CC740909698E0E45/..\..\cores\arduino_samd_mkrwifi1010_80f043dff363cc91995147f06d01f4ff\core.a(wiring.c.o) (analogReference)
C:\Users\DELL\AppData\Local\Temp\arduino\sketches\304AA5B8CE69DCF7CC740909698E0E45/..\..\cores\arduino_samd_mkrwifi1010_80f043dff363cc91995147f06d01f4ff\core.a(wiring_digital.c.o)
                              C:\Users\DELL\AppData\Local\Temp\arduino\sketches\304AA5B8CE69DCF7CC740909698E0E45\sketch\ard_led.ino.cpp.o (pinMode)
C:\Users\DELL\AppData\Local\Temp\arduino\sketches\304AA5B8CE69DCF7CC740909698E0E45/..\..\cores\arduino_samd_mkrwifi1010_80f043dff363cc91995147f06d01f4ff\core.a(wiring_private.c.o)
                              C:\Users\DELL\AppData\Local\Temp\arduino\sketches\304AA5B8CE69DCF7CC740909698E0E45\core\variant.cpp.o (pinPeripheral)
C:\Users\DELL\AppData\Local\Temp\arduino\sketches\304AA5B8CE69DCF7CC740909698E0E45/..\..\cores\arduino_samd_mkrwifi1010_80f043dff363cc91995147f06d01f4ff\core.a(Reset.cpp.o)
                              C:\Users\DELL\AppData\Local\Temp\arduino\sketches\304AA5B8CE69DCF7CC740909698E0E45/..\..\cores\arduino_samd_mkrwifi1010_80f043dff363cc91995147f06d01f4ff\core.a(delay.c.o) (tickReset)
C:\Users\DELL\AppData\Local\Temp\arduino\sketches\304AA5B8CE69DCF7CC740909698E0E45/..\..\cores\arduino_samd_mkrwifi1010_80f043dff363cc91995147f06d01f4ff\core.a(USBCore.cpp.o)
[...]
Memory Configuration

Name             Origin             Length             Attributes
FLASH            0x00002000         0x0003e000         xr
RAM              0x20000000         0x00008000         xrw
*default*        0x00000000         0xffffffff

Linker script and memory map

LOAD c:/users/dell/appdata/local/arduino15/packages/arduino/tools/arm-none-eabi-gcc/7-2017q4/bin/../lib/gcc/arm-none-eabi/7.2.1/thumb/v6-m/crti.o
LOAD c:/users/dell/appdata/local/arduino15/packages/arduino/tools/arm-none-eabi-gcc/7-2017q4/bin/../lib/gcc/arm-none-eabi/7.2.1/thumb/v6-m/crtbegin.o
LOAD c:/users/dell/appdata/local/arduino15/packages/arduino/tools/arm-none-eabi-gcc/7-2017q4/bin/../lib/gcc/arm-none-eabi/7.2.1/../../../../arm-none-eabi/lib/thumb/v6-m/crt0.o
LOAD C:\Users\DELL\AppData\Local\Temp\arduino\sketches\304AA5B8CE69DCF7CC740909698E0E45\sketch\ard_led.ino.cpp.o
LOAD C:\Users\DELL\AppData\Local\Temp\arduino\sketches\304AA5B8CE69DCF7CC740909698E0E45\core\variant.cpp.o
START GROUP
LOAD C:\Users\DELL\AppData\Local\Arduino15\packages\arduino\tools\CMSIS\4.5.0/CMSIS/Lib/GCC/\libarm_cortexM0l_math.a
LOAD C:\Users\DELL\AppData\Local\Temp\arduino\sketches\304AA5B8CE69DCF7CC740909698E0E45/..\..\cores\arduino_samd_mkrwifi1010_80f043dff363cc91995147f06d01f4ff\core.a
END GROUP
LOAD c:/users/dell/appdata/local/arduino15/packages/arduino/tools/arm-none-eabi-gcc/7-2017q4/bin/../lib/gcc/arm-none-eabi/7.2.1/../../../../arm-none-eabi/lib/thumb/v6-m\libstdc++_nano.a
LOAD c:/users/dell/appdata/local/arduino15/packages/arduino/tools/arm-none-eabi-gcc/7-2017q4/bin/../lib/gcc/arm-none-eabi/7.2.1/../../../../arm-none-eabi/lib/thumb/v6-m\libm.a
START GROUP
LOAD c:/users/dell/appdata/local/arduino15/packages/arduino/tools/arm-none-eabi-gcc/7-2017q4/bin/../lib/gcc/arm-none-eabi/7.2.1/thumb/v6-m\libgcc.a
LOAD c:/users/dell/appdata/local/arduino15/packages/arduino/tools/arm-none-eabi-gcc/7-2017q4/bin/../lib/gcc/arm-none-eabi/7.2.1/../../../../arm-none-eabi/lib/thumb/v6-m\libc_nano.a
END GROUP
START GROUP
LOAD c:/users/dell/appdata/local/arduino15/packages/arduino/tools/arm-none-eabi-gcc/7-2017q4/bin/../lib/gcc/arm-none-eabi/7.2.1/thumb/v6-m\libgcc.a
LOAD c:/users/dell/appdata/local/arduino15/packages/arduino/tools/arm-none-eabi-gcc/7-2017q4/bin/../lib/gcc/arm-none-eabi/7.2.1/../../../../arm-none-eabi/lib/thumb/v6-m\libc_nano.a
LOAD c:/users/dell/appdata/local/arduino15/packages/arduino/tools/arm-none-eabi-gcc/7-2017q4/bin/../lib/gcc/arm-none-eabi/7.2.1/../../../../arm-none-eabi/lib/thumb/v6-m\libnosys.a
END GROUP
START GROUP
LOAD c:/users/dell/appdata/local/arduino15/packages/arduino/tools/arm-none-eabi-gcc/7-2017q4/bin/../lib/gcc/arm-none-eabi/7.2.1/thumb/v6-m\libgcc.a
LOAD c:/users/dell/appdata/local/arduino15/packages/arduino/tools/arm-none-eabi-gcc/7-2017q4/bin/../lib/gcc/arm-none-eabi/7.2.1/../../../../arm-none-eabi/lib/thumb/v6-m\libc_nano.a
LOAD c:/users/dell/appdata/local/arduino15/packages/arduino/tools/arm-none-eabi-gcc/7-2017q4/bin/../lib/gcc/arm-none-eabi/7.2.1/../../../../arm-none-eabi/lib/thumb/v6-m\libnosys.a
END GROUP
LOAD c:/users/dell/appdata/local/arduino15/packages/arduino/tools/arm-none-eabi-gcc/7-2017q4/bin/../lib/gcc/arm-none-eabi/7.2.1/thumb/v6-m/crtend.o
LOAD c:/users/dell/appdata/local/arduino15/packages/arduino/tools/arm-none-eabi-gcc/7-2017q4/bin/../lib/gcc/arm-none-eabi/7.2.1/thumb/v6-m/crtn.o

.text           0x00002000     0x2f74
                0x00002000                __text_start__ = .
 *(.sketch_boot)
                0x00002000                . = ALIGN (0x2000)
 *(.isr_vector)
 .isr_vector    0x00002000       0xb4 C:\Users\DELL\AppData\Local\Temp\arduino\sketches\304AA5B8CE69DCF7CC740909698E0E45/..\..\cores\arduino_samd_mkrwifi1010_80f043dff363cc91995147f06d01f4ff\core.a(cortex_handlers.c.o)
                0x00002000                exception_table
 *(.text*)
 .text          0x000020b4       0x48 c:/users/dell/appdata/local/arduino15/packages/arduino/tools/arm-none-eabi-gcc/7-2017q4/bin/../lib/gcc/arm-none-eabi/7.2.1/thumb/v6-m/crtbegin.o
 .text.setup    0x000020fc       0x14 C:\Users\DELL\AppData\Local\Temp\arduino\sketches\304AA5B8CE69DCF7CC740909698E0E45\sketch\ard_led.ino.cpp.o
                0x000020fc                setup
 .text.loop     0x00002110       0x30 C:\Users\DELL\AppData\Local\Temp\arduino\sketches\304AA5B8CE69DCF7CC740909698E0E45\sketch\ard_led.ino.cpp.o
                0x00002110                loop
 .text.initVariant
                0x00002140       0xf8 C:\Users\DELL\AppData\Local\Temp\arduino\sketches\304AA5B8CE69DCF7CC740909698E0E45\core\variant.cpp.o
                0x00002140                initVariant
 .text.SERCOM5_Handler
                0x00002238       0x10 C:\Users\DELL\AppData\Local\Temp\arduino\sketches\304AA5B8CE69DCF7CC740909698E0E45\core\variant.cpp.o
                0x00002238                SERCOM5_Handler
 .text.SERCOM4_Handler
                0x00002248       0x10 C:\Users\DELL\AppData\Local\Temp\arduino\sketches\304AA5B8CE69DCF7CC740909698E0E45\core\variant.cpp.o
                0x00002248                SERCOM4_Handler
 .text.startup._GLOBAL__sub_I_g_APinDescription
                0x00002258       0xa0 C:\Users\DELL\AppData\Local\Temp\arduino\sketches\304AA5B8CE69DCF7CC740909698E0E45\core\variant.cpp.o
 .text._ZN6SERCOMC2EP6Sercom
                0x000022f8        0x8 C:\Users\DELL\AppData\Local\Temp\arduino\sketches\304AA5B8CE69DCF7CC740909698E0E45/..\..\cores\arduino_samd_mkrwifi1010_80f043dff363cc91995147f06d01f4ff\core.a(SERCOM.cpp.o)
                0x000022f8                SERCOM::SERCOM(Sercom*)
                0x000022f8                SERCOM::SERCOM(Sercom*)
 .text._ZN6SERCOM9initFrameE18SercomUartCharSize15SercomDataOrder16SercomParityMode19SercomNumberStopBit
                0x00002300       0x3a C:\Users\DELL\AppData\Local\Temp\arduino\sketches\304AA5B8CE69DCF7CC740909698E0E45/..\..\cores\arduino_samd_mkrwifi1010_80f043dff363cc91995147f06d01f4ff\core.a(SERCOM.cpp.o)
                0x00002300                SERCOM::initFrame(SercomUartCharSize, SercomDataOrder, SercomParityMode, SercomNumberStopBit)
 .text._ZN6SERCOM8initPadsE15SercomUartTXPad11SercomRXPad
                0x0000233a       0x26 C:\Users\DELL\AppData\Local\Temp\arduino\sketches\304AA5B8CE69DCF7CC740909698E0E45/..\..\cores\arduino_samd_mkrwifi1010_80f043dff363cc91995147f06d01f4ff\core.a(SERCOM.cpp.o)
                0x0000233a                SERCOM::initPads(SercomUartTXPad, SercomRXPad)
 .text._ZN6SERCOM9resetUARTEv
                0x00002360       0x1a C:\Users\DELL\AppData\Local\Temp\arduino\sketches\304AA5B8CE69DCF7CC740909698E0E45/..\..\cores\arduino_samd_mkrwifi1010_80f043dff363cc91995147f06d01f4ff\core.a(SERCOM.cpp.o)
                0x00002360                SERCOM::resetUART()
 .text._ZN6SERCOM10enableUARTEv
                0x0000237a       0x14 C:\Users\DELL\AppData\Local\Temp\arduino\sketches\304AA5B8CE69DCF7CC740909698E0E45/..\..\cores\arduino_samd_mkrwifi1010_80f043dff363cc91995147f06d01f4ff\core.a(SERCOM.cpp.o)
                0x0000237a                SERCOM::enableUART()
 .text._ZN6SERCOM9flushUARTEv
                0x0000238e       0x14 C:\Users\DELL\AppData\Local\Temp\arduino\sketches\304AA5B8CE69DCF7CC740909698E0E45/..\..\cores\arduino_samd_mkrwifi1010_80f043dff363cc91995147f06d01f4ff\core.a(SERCOM.cpp.o)
                0x0000238e                SERCOM::flushUART()
 .text._ZN6SERCOM15clearStatusUARTEv
                0x000023a2        0x8 C:\Users\DELL\AppData\Local\Temp\arduino\sketches\304AA5B8CE69DCF7CC740909698E0E45/..\..\cores\arduino_samd_mkrwifi1010_80f043dff363cc91995147f06d01f4ff\core.a(SERCOM.cpp.o)
                0x000023a2                SERCOM::clearStatusUART()
 .text._ZN6SERCOM17availableDataUARTEv
                0x000023aa        0xa C:\Users\DELL\AppData\Local\Temp\arduino\sketches\304AA5B8CE69DCF7CC740909698E0E45/..\..\cores\arduino_samd_mkrwifi1010_80f043dff363cc91995147f06d01f4ff\core.a(SERCOM.cpp.o)
                0x000023aa                SERCOM::availableDataUART()
 .text._ZN6SERCOM11isUARTErrorEv
                0x000023b4        0x8 C:\Users\DELL\AppData\Local\Temp\arduino\sketches\304AA5B8CE69DCF7CC740909698E0E45/..\..\cores\arduino_samd_mkrwifi1010_80f043dff363cc91995147f06d01f4ff\core.a(SERCOM.cpp.o)
                0x000023b4                SERCOM::isUARTError()
 .text._ZN6SERCOM20acknowledgeUARTErrorEv
                0x000023bc        0xe C:\Users\DELL\AppData\Local\Temp\arduino\sketches\304AA5B8CE69DCF7CC740909698E0E45/..\..\cores\arduino_samd_mkrwifi1010_80f043dff363cc91995147f06d01f4ff\core.a(SERCOM.cpp.o)
                0x000023bc                SERCOM::acknowledgeUARTError()
 .text._ZN6SERCOM16isFrameErrorUARTEv
                0x000023ca        0xa C:\Users\DELL\AppData\Local\Temp\arduino\sketches\304AA5B8CE69DCF7CC740909698E0E45/..\..\cores\arduino_samd_mkrwifi1010_80f043dff363cc91995147f06d01f4ff\core.a(SERCOM.cpp.o)
                0x000023ca                SERCOM::isFrameErrorUART()
 .text._ZN6SERCOM19clearFrameErrorUARTEv
                0x000023d4        0xc C:\Users\DELL\AppData\Local\Temp\arduino\sketches\304AA5B8CE69DCF7CC740909698E0E45/..\..\cores\arduino_samd_mkrwifi1010_80f043dff363cc91995147f06d01f4ff\core.a(SERCOM.cpp.o)
                0x000023d4                SERCOM::clearFrameErrorUART()
 .text._ZN6SERCOM23isDataRegisterEmptyUARTEv
                0x000023e0        0xa C:\Users\DELL\AppData\Local\Temp\arduino\sketches\304AA5B8CE69DCF7CC740909698E0E45/..\..\cores\arduino_samd_mkrwifi1010_80f043dff363cc91995147f06d01f4ff\core.a(SERCOM.cpp.o)
                0x000023e0                SERCOM::isDataRegisterEmptyUART()
 .text._ZN6SERCOM12readDataUARTEv
                0x000023ea        0x8 C:\Users\DELL\AppData\Local\Temp\arduino\sketches\304AA5B8CE69DCF7CC740909698E0E45/..\..\cores\arduino_samd_mkrwifi1010_80f043dff363cc91995147f06d01f4ff\core.a(SERCOM.cpp.o)
                0x000023ea                SERCOM::readDataUART()
 .text._ZN6SERCOM13writeDataUARTEh
                0x000023f2       0x14 C:\Users\DELL\AppData\Local\Temp\arduino\sketches\304AA5B8CE69DCF7CC740909698E0E45/..\..\cores\arduino_samd_mkrwifi1010_80f043dff363cc91995147f06d01f4ff\core.a(SERCOM.cpp.o)
                0x000023f2                SERCOM::writeDataUART(unsigned char)
 .text._ZN6SERCOM36enableDataRegisterEmptyInterruptUARTEv
                0x00002406        0x8 C:\Users\DELL\AppData\Local\Temp\arduino\sketches\304AA5B8CE69DCF7CC740909698E0E45/..\..\cores\arduino_samd_mkrwifi1010_80f043dff363cc91995147f06d01f4ff\core.a(SERCOM.cpp.o)
                0x00002406                SERCOM::enableDataRegisterEmptyInterruptUART()
 .text._ZN6SERCOM37disableDataRegisterEmptyInterruptUARTEv
                0x0000240e        0x8 C:\Users\DELL\AppData\Local\Temp\arduino\sketches\304AA5B8CE69DCF7CC740909698E0E45/..\..\cores\arduino_samd_mkrwifi1010_80f043dff363cc91995147f06d01f4ff\core.a(SERCOM.cpp.o)
                0x0000240e                SERCOM::disableDataRegisterEmptyInterruptUART()
 .text._ZN6SERCOM9resetWIREEv
                0x00002416       0x1a C:\Users\DELL\AppData\Local\Temp\arduino\sketches\304AA5B8CE69DCF7CC740909698E0E45/..\..\cores\arduino_samd_mkrwifi1010_80f043dff363cc91995147f06d01f4ff\core.a(SERCOM.cpp.o)
                0x00002416                SERCOM::resetWIRE()
 .text._ZN6SERCOM10enableWIREEv
                0x00002430       0x2a C:\Users\DELL\AppData\Local\Temp\arduino\sketches\304AA5B8CE69DCF7CC740909698E0E45/..\..\cores\arduino_samd_mkrwifi1010_80f043dff363cc91995147f06d01f4ff\core.a(SERCOM.cpp.o)
                0x00002430                SERCOM::enableWIRE()
 .text._ZN6SERCOM11disableWIREEv
                0x0000245a       0x14 C:\Users\DELL\AppData\Local\Temp\arduino\sketches\304AA5B8CE69DCF7CC740909698E0E45/..\..\cores\arduino_samd_mkrwifi1010_80f043dff363cc91995147f06d01f4ff\core.a(SERCOM.cpp.o)
                0x0000245a                SERCOM::disableWIRE()
 *fill*         0x0000246e        0x2 
 .text._ZN6SERCOM22prepareCommandBitsWireEh
                0x00002470       0x2c C:\Users\DELL\AppData\Local\Temp\arduino\sketches\304AA5B8CE69DCF7CC740909698E0E45/..\..\cores\arduino_samd_mkrwifi1010_80f043dff363cc91995147f06d01f4ff\core.a(SERCOM.cpp.o)
                0x00002470                SERCOM::prepareCommandBitsWire(unsigned char)
 .text._ZN6SERCOM21startTransmissionWIREEh23SercomWireReadWriteFlag
                0x0000249c       0x84 C:\Users\DELL\AppData\Local\Temp\arduino\sketches\304AA5B8CE69DCF7CC740909698E0E45/..\..\cores\arduino_samd_mkrwifi1010_80f043dff363cc91995147f06d01f4ff\core.a(SERCOM.cpp.o)
                0x0000249c                SERCOM::startTransmissionWIRE(unsigned char, SercomWireReadWriteFlag)
 .text._ZN6SERCOM18sendDataMasterWIREEh
                0x00002520       0x30 C:\Users\DELL\AppData\Local\Temp\arduino\sketches\304AA5B8CE69DCF7CC740909698E0E45/..\..\cores\arduino_samd_mkrwifi1010_80f043dff363cc91995147f06d01f4ff\core.a(SERCOM.cpp.o)
                0x00002520                SERCOM::sendDataMasterWIRE(unsigned char)
 .text._ZN6SERCOM13initClockNVICEv
                0x00002550       0xa8 C:\Users\DELL\AppData\Local\Temp\arduino\sketches\304AA5B8CE69DCF7CC740909698E0E45/..\..\cores\arduino_samd_mkrwifi1010_80f043dff363cc91995147f06d01f4ff\core.a(SERCOM.cpp.o)
                0x00002550                SERCOM::initClockNVIC()
 .text._ZN6SERCOM8initUARTE14SercomUartMode20SercomUartSampleRatem
                0x000025f8       0x6c C:\Users\DELL\AppData\Local\Temp\arduino\sketches\304AA5B8CE69DCF7CC740909698E0E45/..\..\cores\arduino_samd_mkrwifi1010_80f043dff363cc91995147f06d01f4ff\core.a(SERCOM.cpp.o)
                0x000025f8                SERCOM::initUART(SercomUartMode, SercomUartSampleRate, unsigned long)
 .text._ZN6SERCOM14initMasterWIREEm
                0x00002664       0x54 C:\Users\DELL\AppData\Local\Temp\arduino\sketches\304AA5B8CE69DCF7CC740909698E0E45/..\..\cores\arduino_samd_mkrwifi1010_80f043dff363cc91995147f06d01f4ff\core.a(SERCOM.cpp.o)
                0x00002664                SERCOM::initMasterWIRE(unsigned long)
 .text._ZN4UartcvbEv
                0x000026b8        0x4 C:\Users\DELL\AppData\Local\Temp\arduino\sketches\304AA5B8CE69DCF7CC740909698E0E45/..\..\cores\arduino_samd_mkrwifi1010_80f043dff363cc91995147f06d01f4ff\core.a(Uart.cpp.o)
                0x000026b8                Uart::operator bool()
 .text._ZN4Uart5beginEm
                0x000026bc       0x10 C:\Users\DELL\AppData\Local\Temp\arduino\sketches\304AA5B8CE69DCF7CC740909698E0E45/..\..\cores\arduino_samd_mkrwifi1010_80f043dff363cc91995147f06d01f4ff\core.a(Uart.cpp.o)
                0x000026bc                Uart::begin(unsigned long)
 .text._ZN4Uart9availableEv
                0x000026cc        0x6 C:\Users\DELL\AppData\Local\Temp\arduino\sketches\304AA5B8CE69DCF7CC740909698E0E45/..\..\cores\arduino_samd_mkrwifi1010_80f043dff363cc91995147f06d01f4ff\core.a(Uart.cpp.o)
                0x000026cc                Uart::available()
 .text._ZN4Uart17availableForWriteEv
                0x000026d2       0x10 C:\Users\DELL\AppData\Local\Temp\arduino\sketches\304AA5B8CE69DCF7CC740909698E0E45/..\..\cores\arduino_samd_mkrwifi1010_80f043dff363cc91995147f06d01f4ff\core.a(Uart.cpp.o)
                0x000026d2                Uart::availableForWrite()
 .text._ZN4Uart4peekEv
                0x000026e2       0x18 C:\Users\DELL\AppData\Local\Temp\arduino\sketches\304AA5B8CE69DCF7CC740909698E0E45/..\..\cores\arduino_samd_mkrwifi1010_80f043dff363cc91995147f06d01f4ff\core.a(Uart.cpp.o)
                0x000026e2                Uart::peek()
 .text._ZN4Uart3endEv
                0x000026fa       0x24 C:\Users\DELL\AppData\Local\Temp\arduino\sketches\304AA5B8CE69DCF7CC740909698E0E45/..\..\cores\arduino_samd_mkrwifi1010_80f043dff363cc91995147f06d01f4ff\core.a(Uart.cpp.o)
                0x000026fa                Uart::end()
 .text._ZN4Uart5flushEv
                0x0000271e       0x16 C:\Users\DELL\AppData\Local\Temp\arduino\sketches\304AA5B8CE69DCF7CC740909698E0E45/..\..\cores\arduino_samd_mkrwifi1010_80f043dff363cc91995147f06d01f4ff\core.a(Uart.cpp.o)
                0x0000271e                Uart::flush()
 .text._ZN7__GuardD2Ev
                0x00002734        0xe C:\Users\DELL\AppData\Local\Temp\arduino\sketches\304AA5B8CE69DCF7CC740909698E0E45/..\..\cores\arduino_samd_mkrwifi1010_80f043dff363cc91995147f06d01f4ff\core.a(Uart.cpp.o)
                0x00002734                __Guard::~__Guard()
                0x00002734                __Guard::~__Guard()
 .text._ZN4Uart16extractNbStopBitEt
                0x00002742        0xc C:\Users\DELL\AppData\Local\Temp\arduino\sketches\304AA5B8CE69DCF7CC740909698E0E45/..\..\cores\arduino_samd_mkrwifi1010_80f043dff363cc91995147f06d01f4ff\core.a(Uart.cpp.o)
                0x00002742                Uart::extractNbStopBit(unsigned short)
 .text._ZN4Uart15extractCharSizeEt
                0x0000274e       0x28 C:\Users\DELL\AppData\Local\Temp\arduino\sketches\304AA5B8CE69DCF7CC740909698E0E45/..\..\cores\arduino_samd_mkrwifi1010_80f043dff363cc91995147f06d01f4ff\core.a(Uart.cpp.o)
                0x0000274e                Uart::extractCharSize(unsigned short)
 .text._ZN4Uart13extractParityEt
                0x00002776       0x14 C:\Users\DELL\AppData\Local\Temp\arduino\sketches\304AA5B8CE69DCF7CC740909698E0E45/..\..\cores\arduino_samd_mkrwifi1010_80f043dff363cc91995147f06d01f4ff\core.a(Uart.cpp.o)
                0x00002776                Uart::extractParity(unsigned short)
 *fill*         0x0000278a        0x2 
 .text._ZN4Uart5beginEmt
                0x0000278c       0xf8 C:\Users\DELL\AppData\Local\Temp\arduino\sketches\304AA5B8CE69DCF7CC740909698E0E45/..\..\cores\arduino_samd_mkrwifi1010_80f043dff363cc91995147f06d01f4ff\core.a(Uart.cpp.o)
                0x0000278c                Uart::begin(unsigned long, unsigned short)
 .text._ZN7arduino11RingBufferNILi256EEC2Ev
                0x00002884       0x1e C:\Users\DELL\AppData\Local\Temp\arduino\sketches\304AA5B8CE69DCF7CC740909698E0E45/..\..\cores\arduino_samd_mkrwifi1010_80f043dff363cc91995147f06d01f4ff\core.a(Uart.cpp.o)
                0x00002884                arduino::RingBufferN<256>::RingBufferN()
                0x00002884                arduino::RingBufferN<256>::RingBufferN()
 *fill*         0x000028a2        0x2 
 .text._ZN4UartC2EP6SERCOMhh11SercomRXPad15SercomUartTXPadhh
                0x000028a4       0x88 C:\Users\DELL\AppData\Local\Temp\arduino\sketches\304AA5B8CE69DCF7CC740909698E0E45/..\..\cores\arduino_samd_mkrwifi1010_80f043dff363cc91995147f06d01f4ff\core.a(Uart.cpp.o)
                0x000028a4                Uart::Uart(SERCOM*, unsigned char, unsigned char, SercomRXPad, SercomUartTXPad, unsigned char, unsigned char)
                0x000028a4                Uart::Uart(SERCOM*, unsigned char, unsigned char, SercomRXPad, SercomUartTXPad, unsigned char, unsigned char)
 .text._ZN4UartC2EP6SERCOMhh11SercomRXPad15SercomUartTXPad
                0x0000292c       0x74 C:\Users\DELL\AppData\Local\Temp\arduino\sketches\304AA5B8CE69DCF7CC740909698E0E45/..\..\cores\arduino_samd_mkrwifi1010_80f043dff363cc91995147f06d01f4ff\core.a(Uart.cpp.o)
                0x0000292c                Uart::Uart(SERCOM*, unsigned char, unsigned char, SercomRXPad, SercomUartTXPad)
                0x0000292c                Uart::Uart(SERCOM*, unsigned char, unsigned char, SercomRXPad, SercomUartTXPad)
 .text._ZN7arduino15SafeRingBufferNILi256EE10store_charEh
                0x000029a0       0x4a C:\Users\DELL\AppData\Local\Temp\arduino\sketches\304AA5B8CE69DCF7CC740909698E0E45/..\..\cores\arduino_samd_mkrwifi1010_80f043dff363cc91995147f06d01f4ff\core.a(Uart.cpp.o)
                0x000029a0                arduino::SafeRingBufferN<256>::store_char(unsigned char)
 .text._ZN7arduino15SafeRingBufferNILi256EE9read_charEv
                0x000029ea       0x50 C:\Users\DELL\AppData\Local\Temp\arduino\sketches\304AA5B8CE69DCF7CC740909698E0E45/..\..\cores\arduino_samd_mkrwifi1010_80f043dff363cc91995147f06d01f4ff\core.a(Uart.cpp.o)
                0x000029ea                arduino::SafeRingBufferN<256>::read_char()
 .text._ZN4Uart10IrqHandlerEv
                0x00002a3a       0xa4 C:\Users\DELL\AppData\Local\Temp\arduino\sketches\304AA5B8CE69DCF7CC740909698E0E45/..\..\cores\arduino_samd_mkrwifi1010_80f043dff363cc91995147f06d01f4ff\core.a(Uart.cpp.o)
                0x00002a3a                Uart::IrqHandler()
 *fill*         0x00002ade        0x2 
 .text._ZN4Uart5writeEh
                0x00002ae0       0x9c C:\Users\DELL\AppData\Local\Temp\arduino\sketches\304AA5B8CE69DCF7CC740909698E0E45/..\..\cores\arduino_samd_mkrwifi1010_80f043dff363cc91995147f06d01f4ff\core.a(Uart.cpp.o)
                0x00002ae0                Uart::write(unsigned char)
 .text._ZN4Uart4readEv
                0x00002b7c       0x34 C:\Users\DELL\AppData\Local\Temp\arduino\sketches\304AA5B8CE69DCF7CC740909698E0E45/..\..\cores\arduino_samd_mkrwifi1010_80f043dff363cc91995147f06d01f4ff\core.a(Uart.cpp.o)
                0x00002b7c                Uart::read()
 .text._ZN7arduino5Print5writeEPKhj
                0x00002bb0       0x28 C:\Users\DELL\AppData\Local\Temp\arduino\sketches\304AA5B8CE69DCF7CC740909698E0E45/..\..\cores\arduino_samd_mkrwifi1010_80f043dff363cc91995147f06d01f4ff\core.a(Print.cpp.o)
                0x00002bb0                arduino::Print::write(unsigned char const*, unsigned int)
 .text.Dummy_Handler
                0x00002bd8        0x2 C:\Users\DELL\AppData\Local\Temp\arduino\sketches\304AA5B8CE69DCF7CC740909698E0E45/..\..\cores\arduino_samd_mkrwifi1010_80f043dff363cc91995147f06d01f4ff\core.a(cortex_handlers.c.o)
                0x00002bd8                DMAC_Handler
                0x00002bd8                HardFault_Handler
                0x00002bd8                AC_Handler
                0x00002bd8                PendSV_Handler
                0x00002bd8                NMI_Handler
                0x00002bd8                TC7_Handler
                0x00002bd8                SERCOM1_Handler
                0x00002bd8                ADC_Handler
                0x00002bd8                TCC1_Handler
                0x00002bd8                SERCOM2_Handler
                0x00002bd8                TCC0_Handler
                0x00002bd8                RTC_Handler
                0x00002bd8                EIC_Handler
                0x00002bd8                TC6_Handler
                0x00002bd8                WDT_Handler
                0x00002bd8                TC4_Handler
                0x00002bd8                TC3_Handler
                0x00002bd8                Dummy_Handler
                0x00002bd8                PM_Handler
                0x00002bd8                SVC_Handler
                0x00002bd8                TCC2_Handler
                0x00002bd8                EVSYS_Handler
                0x00002bd8                SERCOM3_Handler
                0x00002bd8                I2S_Handler
                0x00002bd8                NVMCTRL_Handler
                0x00002bd8                SERCOM0_Handler
                0x00002bd8                DAC_Handler
                0x00002bd8                PTC_Handler
                0x00002bd8                SYSCTRL_Handler
 *fill*         0x00002bda        0x2 
 .text.USB_Handler
                0x00002bdc       0x14 C:\Users\DELL\AppData\Local\Temp\arduino\sketches\304AA5B8CE69DCF7CC740909698E0E45/..\..\cores\arduino_samd_mkrwifi1010_80f043dff363cc91995147f06d01f4ff\core.a(cortex_handlers.c.o)
                0x00002bdc                USB_Handler
 .text.Reset_Handler
                0x00002bf0       0x54 C:\Users\DELL\AppData\Local\Temp\arduino\sketches\304AA5B8CE69DCF7CC740909698E0E45/..\..\cores\arduino_samd_mkrwifi1010_80f043dff363cc91995147f06d01f4ff\core.a(cortex_handlers.c.o)
                0x00002bf0                Reset_Handler
 .text.SysTick_Handler
                0x00002c44       0x10 C:\Users\DELL\AppData\Local\Temp\arduino\sketches\304AA5B8CE69DCF7CC740909698E0E45/..\..\cores\arduino_samd_mkrwifi1010_80f043dff363cc91995147f06d01f4ff\core.a(cortex_handlers.c.o)
                0x00002c44                SysTick_Handler
 .text.USB_SetHandler
                0x00002c54        0xc C:\Users\DELL\AppData\Local\Temp\arduino\sketches\304AA5B8CE69DCF7CC740909698E0E45/..\..\cores\arduino_samd_mkrwifi1010_80f043dff363cc91995147f06d01f4ff\core.a(cortex_handlers.c.o)
                0x00002c54                USB_SetHandler
 .text.millis   0x00002c60        0xc C:\Users\DELL\AppData\Local\Temp\arduino\sketches\304AA5B8CE69DCF7CC740909698E0E45/..\..\cores\arduino_samd_mkrwifi1010_80f043dff363cc91995147f06d01f4ff\core.a(delay.c.o)
                0x00002c60                millis
 .text.micros   0x00002c6c       0x60 C:\Users\DELL\AppData\Local\Temp\arduino\sketches\304AA5B8CE69DCF7CC740909698E0E45/..\..\cores\arduino_samd_mkrwifi1010_80f043dff363cc91995147f06d01f4ff\core.a(delay.c.o)
                0x00002c6c                micros
 .text.delay    0x00002ccc       0x30 C:\Users\DELL\AppData\Local\Temp\arduino\sketches\304AA5B8CE69DCF7CC740909698E0E45/..\..\cores\arduino_samd_mkrwifi1010_80f043dff363cc91995147f06d01f4ff\core.a(delay.c.o)
                0x00002ccc                delay
 .text.resetExternalChip
                0x00002cfc        0x2 C:\Users\DELL\AppData\Local\Temp\arduino\sketches\304AA5B8CE69DCF7CC740909698E0E45/..\..\cores\arduino_samd_mkrwifi1010_80f043dff363cc91995147f06d01f4ff\core.a(delay.c.o)
                0x00002cfc                resetExternalChip
 *fill*         0x00002cfe        0x2 
 .text.SysTick_DefaultHandler
                0x00002d00       0x14 C:\Users\DELL\AppData\Local\Temp\arduino\sketches\304AA5B8CE69DCF7CC740909698E0E45/..\..\cores\arduino_samd_mkrwifi1010_80f043dff363cc91995147f06d01f4ff\core.a(delay.c.o)
                0x00002d00                SysTick_DefaultHandler
 .text.__empty  0x00002d14        0x2 C:\Users\DELL\AppData\Local\Temp\arduino\sketches\304AA5B8CE69DCF7CC740909698E0E45/..\..\cores\arduino_samd_mkrwifi1010_80f043dff363cc91995147f06d01f4ff\core.a(hooks.c.o)
                0x00002d14                yield
 .text.__false  0x00002d16        0x4 C:\Users\DELL\AppData\Local\Temp\arduino\sketches\304AA5B8CE69DCF7CC740909698E0E45/..\..\cores\arduino_samd_mkrwifi1010_80f043dff363cc91995147f06d01f4ff\core.a(hooks.c.o)
                0x00002d16                sysTickHook
 *fill*         0x00002d1a        0x2 
 .text.startup.main
                0x00002d1c       0x40 C:\Users\DELL\AppData\Local\Temp\arduino\sketches\304AA5B8CE69DCF7CC740909698E0E45/..\..\cores\arduino_samd_mkrwifi1010_80f043dff363cc91995147f06d01f4ff\core.a(main.cpp.o)
                0x00002d1c                main
 .text.SystemInit
                0x00002d5c      0x160 C:\Users\DELL\AppData\Local\Temp\arduino\sketches\304AA5B8CE69DCF7CC740909698E0E45/..\..\cores\arduino_samd_mkrwifi1010_80f043dff363cc91995147f06d01f4ff\core.a(startup.c.o)
                0x00002d5c                SystemInit
 .text.init     0x00002ebc       0xf0 C:\Users\DELL\AppData\Local\Temp\arduino\sketches\304AA5B8CE69DCF7CC740909698E0E45/..\..\cores\arduino_samd_mkrwifi1010_80f043dff363cc91995147f06d01f4ff\core.a(wiring.c.o)
                0x00002ebc                init
 .text.mapResolution
                0x00002fac       0x12 C:\Users\DELL\AppData\Local\Temp\arduino\sketches\304AA5B8CE69DCF7CC740909698E0E45/..\..\cores\arduino_samd_mkrwifi1010_80f043dff363cc91995147f06d01f4ff\core.a(wiring_analog.c.o)
 *fill*         0x00002fbe        0x2 
 .text.analogReference
                0x00002fc0       0x64 C:\Users\DELL\AppData\Local\Temp\arduino\sketches\304AA5B8CE69DCF7CC740909698E0E45/..\..\cores\arduino_samd_mkrwifi1010_80f043dff363cc91995147f06d01f4ff\core.a(wiring_analog.c.o)
                0x00002fc0                analogReference
 .text.analogRead
                0x00003024       0xdc C:\Users\DELL\AppData\Local\Temp\arduino\sketches\304AA5B8CE69DCF7CC740909698E0E45/..\..\cores\arduino_samd_mkrwifi1010_80f043dff363cc91995147f06d01f4ff\core.a(wiring_analog.c.o)
                0x00003024                analogRead
 .text.pinMode  0x00003100       0x98 C:\Users\DELL\AppData\Local\Temp\arduino\sketches\304AA5B8CE69DCF7CC740909698E0E45/..\..\cores\arduino_samd_mkrwifi1010_80f043dff363cc91995147f06d01f4ff\core.a(wiring_digital.c.o)
                0x00003100                pinMode
 .text.digitalWrite
                0x00003198       0x58 C:\Users\DELL\AppData\Local\Temp\arduino\sketches\304AA5B8CE69DCF7CC740909698E0E45/..\..\cores\arduino_samd_mkrwifi1010_80f043dff363cc91995147f06d01f4ff\core.a(wiring_digital.c.o)
                0x00003198                digitalWrite
 .text.pinPeripheral
                0x000031f0       0xc0 C:\Users\DELL\AppData\Local\Temp\arduino\sketches\304AA5B8CE69DCF7CC740909698E0E45/..\..\cores\arduino_samd_mkrwifi1010_80f043dff363cc91995147f06d01f4ff\core.a(wiring_private.c.o)
                0x000031f0                pinPeripheral
 .text.initiateReset
                0x000032b0       0x14 C:\Users\DELL\AppData\Local\Temp\arduino\sketches\304AA5B8CE69DCF7CC740909698E0E45/..\..\cores\arduino_samd_mkrwifi1010_80f043dff363cc91995147f06d01f4ff\core.a(Reset.cpp.o)
                0x000032b0                initiateReset
 .text.cancelReset
                0x000032c4       0x10 C:\Users\DELL\AppData\Local\Temp\arduino\sketches\304AA5B8CE69DCF7CC740909698E0E45/..\..\cores\arduino_samd_mkrwifi1010_80f043dff363cc91995147f06d01f4ff\core.a(Reset.cpp.o)
                0x000032c4                cancelReset
 .text.tickReset
                0x000032d4       0x78 C:\Users\DELL\AppData\Local\Temp\arduino\sketches\304AA5B8CE69DCF7CC740909698E0E45/..\..\cores\arduino_samd_mkrwifi1010_80f043dff363cc91995147f06d01f4ff\core.a(Reset.cpp.o)
                0x000032d4                tickReset
 .text._ZN26DoubleBufferedEPOutHandlerD2Ev
                0x0000334c        0x2 C:\Users\DELL\AppData\Local\Temp\arduino\sketches\304AA5B8CE69DCF7CC740909698E0E45/..\..\cores\arduino_samd_mkrwifi1010_80f043dff363cc91995147f06d01f4ff\core.a(USBCore.cpp.o)
                0x0000334c                DoubleBufferedEPOutHandler::~DoubleBufferedEPOutHandler()
                0x0000334c                DoubleBufferedEPOutHandler::~DoubleBufferedEPOutHandler()
 .text._ZN26DoubleBufferedEPOutHandlerD0Ev
                0x0000334e        0xc C:\Users\DELL\AppData\Local\Temp\arduino\sketches\304AA5B8CE69DCF7CC740909698E0E45/..\..\cores\arduino_samd_mkrwifi1010_80f043dff363cc91995147f06d01f4ff\core.a(USBCore.cpp.o)
                0x0000334e                DoubleBufferedEPOutHandler::~DoubleBufferedEPOutHandler()
 *fill*         0x0000335a        0x2 
 .text._ZN14USBDeviceClass6initEPEmm.part.7
                0x0000335c       0xc4 C:\Users\DELL\AppData\Local\Temp\arduino\sketches\304AA5B8CE69DCF7CC740909698E0E45/..\..\cores\arduino_samd_mkrwifi1010_80f043dff363cc91995147f06d01f4ff\core.a(USBCore.cpp.o)
 .text._ZN7__GuardC2Ev
                0x00003420        0xe C:\Users\DELL\AppData\Local\Temp\arduino\sketches\304AA5B8CE69DCF7CC740909698E0E45/..\..\cores\arduino_samd_mkrwifi1010_80f043dff363cc91995147f06d01f4ff\core.a(USBCore.cpp.o)
                0x00003420                __Guard::__Guard()
                0x00003420                __Guard::__Guard()
 .text._ZNK26DoubleBufferedEPOutHandler10_availableEv
                0x0000342e       0x70 C:\Users\DELL\AppData\Local\Temp\arduino\sketches\304AA5B8CE69DCF7CC740909698E0E45/..\..\cores\arduino_samd_mkrwifi1010_80f043dff363cc91995147f06d01f4ff\core.a(USBCore.cpp.o)
                0x0000342e                DoubleBufferedEPOutHandler::_available() const
 *fill*         0x0000349e        0x2 
 .text._ZN26DoubleBufferedEPOutHandler7releaseEv
                0x000034a0       0x38 C:\Users\DELL\AppData\Local\Temp\arduino\sketches\304AA5B8CE69DCF7CC740909698E0E45/..\..\cores\arduino_samd_mkrwifi1010_80f043dff363cc91995147f06d01f4ff\core.a(USBCore.cpp.o)
                0x000034a0                DoubleBufferedEPOutHandler::release()
 .text._ZN26DoubleBufferedEPOutHandler14handleEndpointEv
                0x000034d8       0xe2 C:\Users\DELL\AppData\Local\Temp\arduino\sketches\304AA5B8CE69DCF7CC740909698E0E45/..\..\cores\arduino_samd_mkrwifi1010_80f043dff363cc91995147f06d01f4ff\core.a(USBCore.cpp.o)
                0x000034d8                DoubleBufferedEPOutHandler::handleEndpoint()
 .text._ZN14USBDeviceClass14SendInterfacesEPm
                0x000035ba       0x20 C:\Users\DELL\AppData\Local\Temp\arduino\sketches\304AA5B8CE69DCF7CC740909698E0E45/..\..\cores\arduino_samd_mkrwifi1010_80f043dff363cc91995147f06d01f4ff\core.a(USBCore.cpp.o)
                0x000035ba                USBDeviceClass::SendInterfaces(unsigned long*)
 *fill*         0x000035da        0x2 
 .text._ZN14USBDeviceClass6attachEv
                0x000035dc       0x34 C:\Users\DELL\AppData\Local\Temp\arduino\sketches\304AA5B8CE69DCF7CC740909698E0E45/..\..\cores\arduino_samd_mkrwifi1010_80f043dff363cc91995147f06d01f4ff\core.a(USBCore.cpp.o)
                0x000035dc                USBDeviceClass::attach()
 .text._ZN14USBDeviceClass10setAddressEm
                0x00003610       0x48 C:\Users\DELL\AppData\Local\Temp\arduino\sketches\304AA5B8CE69DCF7CC740909698E0E45/..\..\cores\arduino_samd_mkrwifi1010_80f043dff363cc91995147f06d01f4ff\core.a(USBCore.cpp.o)
                0x00003610                USBDeviceClass::setAddress(unsigned long)
 .text._ZN14USBDeviceClass25handleClassInterfaceSetupERN7arduino8USBSetupE
                0x00003658       0x24 C:\Users\DELL\AppData\Local\Temp\arduino\sketches\304AA5B8CE69DCF7CC740909698E0E45/..\..\cores\arduino_samd_mkrwifi1010_80f043dff363cc91995147f06d01f4ff\core.a(USBCore.cpp.o)
                0x00003658                USBDeviceClass::handleClassInterfaceSetup(arduino::USBSetup&)
 .text._ZN14USBDeviceClass6initEPEmm
                0x0000367c      0x10c C:\Users\DELL\AppData\Local\Temp\arduino\sketches\304AA5B8CE69DCF7CC740909698E0E45/..\..\cores\arduino_samd_mkrwifi1010_80f043dff363cc91995147f06d01f4ff\core.a(USBCore.cpp.o)
                0x0000367c                USBDeviceClass::initEP(unsigned long, unsigned long)
 .text._ZN14USBDeviceClass13initEndpointsEv
                0x00003788       0x24 C:\Users\DELL\AppData\Local\Temp\arduino\sketches\304AA5B8CE69DCF7CC740909698E0E45/..\..\cores\arduino_samd_mkrwifi1010_80f043dff363cc91995147f06d01f4ff\core.a(USBCore.cpp.o)
                0x00003788                USBDeviceClass::initEndpoints()
 .text._ZN14USBDeviceClass5clearEm
                0x000037ac       0x38 C:\Users\DELL\AppData\Local\Temp\arduino\sketches\304AA5B8CE69DCF7CC740909698E0E45/..\..\cores\arduino_samd_mkrwifi1010_80f043dff363cc91995147f06d01f4ff\core.a(USBCore.cpp.o)
                0x000037ac                USBDeviceClass::clear(unsigned long)
 .text._ZN14USBDeviceClass9availableEm
                0x000037e4       0x2c C:\Users\DELL\AppData\Local\Temp\arduino\sketches\304AA5B8CE69DCF7CC740909698E0E45/..\..\cores\arduino_samd_mkrwifi1010_80f043dff363cc91995147f06d01f4ff\core.a(USBCore.cpp.o)
                0x000037e4                USBDeviceClass::available(unsigned long)
 .text._ZN14USBDeviceClass5flushEm
                0x00003810       0x2c C:\Users\DELL\AppData\Local\Temp\arduino\sketches\304AA5B8CE69DCF7CC740909698E0E45/..\..\cores\arduino_samd_mkrwifi1010_80f043dff363cc91995147f06d01f4ff\core.a(USBCore.cpp.o)
                0x00003810                USBDeviceClass::flush(unsigned long)
 .text._ZN14USBDeviceClass4recvEmPvm
                0x0000383c       0xc0 C:\Users\DELL\AppData\Local\Temp\arduino\sketches\304AA5B8CE69DCF7CC740909698E0E45/..\..\cores\arduino_samd_mkrwifi1010_80f043dff363cc91995147f06d01f4ff\core.a(USBCore.cpp.o)
                0x0000383c                USBDeviceClass::recv(unsigned long, void*, unsigned long)
 .text._ZN14USBDeviceClass4recvEm
                0x000038fc       0x1c C:\Users\DELL\AppData\Local\Temp\arduino\sketches\304AA5B8CE69DCF7CC740909698E0E45/..\..\cores\arduino_samd_mkrwifi1010_80f043dff363cc91995147f06d01f4ff\core.a(USBCore.cpp.o)
                0x000038fc                USBDeviceClass::recv(unsigned long)
 .text._ZN14USBDeviceClass14armRecvCtrlOUTEm
                0x00003918       0x5c C:\Users\DELL\AppData\Local\Temp\arduino\sketches\304AA5B8CE69DCF7CC740909698E0E45/..\..\cores\arduino_samd_mkrwifi1010_80f043dff363cc91995147f06d01f4ff\core.a(USBCore.cpp.o)
                0x00003918                USBDeviceClass::armRecvCtrlOUT(unsigned long)
 .text._ZN14USBDeviceClass11recvControlEPvm
                0x00003974       0x28 C:\Users\DELL\AppData\Local\Temp\arduino\sketches\304AA5B8CE69DCF7CC740909698E0E45/..\..\cores\arduino_samd_mkrwifi1010_80f043dff363cc91995147f06d01f4ff\core.a(USBCore.cpp.o)
                0x00003974                USBDeviceClass::recvControl(void*, unsigned long)
 .text._ZN14USBDeviceClass4sendEmPKvm
                0x0000399c      0x10c C:\Users\DELL\AppData\Local\Temp\arduino\sketches\304AA5B8CE69DCF7CC740909698E0E45/..\..\cores\arduino_samd_mkrwifi1010_80f043dff363cc91995147f06d01f4ff\core.a(USBCore.cpp.o)
                0x0000399c                USBDeviceClass::send(unsigned long, void const*, unsigned long)
 .text._ZN14USBDeviceClass7armSendEmPKvm
                0x00003aa8       0x48 C:\Users\DELL\AppData\Local\Temp\arduino\sketches\304AA5B8CE69DCF7CC740909698E0E45/..\..\cores\arduino_samd_mkrwifi1010_80f043dff363cc91995147f06d01f4ff\core.a(USBCore.cpp.o)
                0x00003aa8                USBDeviceClass::armSend(unsigned long, void const*, unsigned long)
 .text._ZN14USBDeviceClass11sendControlEPKvm
                0x00003af0       0x54 C:\Users\DELL\AppData\Local\Temp\arduino\sketches\304AA5B8CE69DCF7CC740909698E0E45/..\..\cores\arduino_samd_mkrwifi1010_80f043dff363cc91995147f06d01f4ff\core.a(USBCore.cpp.o)
                0x00003af0                USBDeviceClass::sendControl(void const*, unsigned long)
 .text._ZN14USBDeviceClass20sendStringDescriptorEPKhm
                0x00003b44       0x64 C:\Users\DELL\AppData\Local\Temp\arduino\sketches\304AA5B8CE69DCF7CC740909698E0E45/..\..\cores\arduino_samd_mkrwifi1010_80f043dff363cc91995147f06d01f4ff\core.a(USBCore.cpp.o)
                0x00003b44                USBDeviceClass::sendStringDescriptor(unsigned char const*, unsigned long)
 .text._ZN14USBDeviceClass17sendConfigurationEm
                0x00003ba8       0x80 C:\Users\DELL\AppData\Local\Temp\arduino\sketches\304AA5B8CE69DCF7CC740909698E0E45/..\..\cores\arduino_samd_mkrwifi1010_80f043dff363cc91995147f06d01f4ff\core.a(USBCore.cpp.o)
                0x00003ba8                USBDeviceClass::sendConfiguration(unsigned long)
 .text._ZN14USBDeviceClass14sendDescriptorERN7arduino8USBSetupE
                0x00003c28       0xd8 C:\Users\DELL\AppData\Local\Temp\arduino\sketches\304AA5B8CE69DCF7CC740909698E0E45/..\..\cores\arduino_samd_mkrwifi1010_80f043dff363cc91995147f06d01f4ff\core.a(USBCore.cpp.o)
                0x00003c28                USBDeviceClass::sendDescriptor(arduino::USBSetup&)
 .text._ZN14USBDeviceClass7sendZlpEm
                0x00003d00       0x18 C:\Users\DELL\AppData\Local\Temp\arduino\sketches\304AA5B8CE69DCF7CC740909698E0E45/..\..\cores\arduino_samd_mkrwifi1010_80f043dff363cc91995147f06d01f4ff\core.a(USBCore.cpp.o)
                0x00003d00                USBDeviceClass::sendZlp(unsigned long)
 .text._ZN14USBDeviceClass19handleStandardSetupERN7arduino8USBSetupE
                0x00003d18       0xf0 C:\Users\DELL\AppData\Local\Temp\arduino\sketches\304AA5B8CE69DCF7CC740909698E0E45/..\..\cores\arduino_samd_mkrwifi1010_80f043dff363cc91995147f06d01f4ff\core.a(USBCore.cpp.o)
                0x00003d18                USBDeviceClass::handleStandardSetup(arduino::USBSetup&)
 .text._ZN14USBDeviceClass10ISRHandlerEv
                0x00003e08      0x108 C:\Users\DELL\AppData\Local\Temp\arduino\sketches\304AA5B8CE69DCF7CC740909698E0E45/..\..\cores\arduino_samd_mkrwifi1010_80f043dff363cc91995147f06d01f4ff\core.a(USBCore.cpp.o)
                0x00003e08                USBDeviceClass::ISRHandler()
 .text.UDD_Handler
                0x00003f10       0x10 C:\Users\DELL\AppData\Local\Temp\arduino\sketches\304AA5B8CE69DCF7CC740909698E0E45/..\..\cores\arduino_samd_mkrwifi1010_80f043dff363cc91995147f06d01f4ff\core.a(USBCore.cpp.o)
                0x00003f10                UDD_Handler
 .text._ZN7arduino13PluggableUSB_C2Ev
                0x00003f20       0x10 C:\Users\DELL\AppData\Local\Temp\arduino\sketches\304AA5B8CE69DCF7CC740909698E0E45/..\..\cores\arduino_samd_mkrwifi1010_80f043dff363cc91995147f06d01f4ff\core.a(USBCore.cpp.o)
                0x00003f20                arduino::PluggableUSB_::PluggableUSB_()
                0x00003f20                arduino::PluggableUSB_::PluggableUSB_()
 .text._Z8epBufferj
                0x00003f30        0xc C:\Users\DELL\AppData\Local\Temp\arduino\sketches\304AA5B8CE69DCF7CC740909698E0E45/..\..\cores\arduino_samd_mkrwifi1010_80f043dff363cc91995147f06d01f4ff\core.a(USBCore.cpp.o)
                0x00003f30                epBuffer(unsigned int)
 .text._ZN7arduino11RingBufferNILi64EE10store_charEh
                0x00003f3c       0x1c C:\Users\DELL\AppData\Local\Temp\arduino\sketches\304AA5B8CE69DCF7CC740909698E0E45/..\..\cores\arduino_samd_mkrwifi1010_80f043dff363cc91995147f06d01f4ff\core.a(USBCore.cpp.o)
                0x00003f3c                arduino::RingBufferN<64>::store_char(unsigned char)
 .text._ZN26DoubleBufferedEPOutHandler5_recvEv
                0x00003f58      0x15e C:\Users\DELL\AppData\Local\Temp\arduino\sketches\304AA5B8CE69DCF7CC740909698E0E45/..\..\cores\arduino_samd_mkrwifi1010_80f043dff363cc91995147f06d01f4ff\core.a(USBCore.cpp.o)
                0x00003f58                DoubleBufferedEPOutHandler::_recv()
 .text._ZN26DoubleBufferedEPOutHandler9availableEv
                0x000040b6        0xc C:\Users\DELL\AppData\Local\Temp\arduino\sketches\304AA5B8CE69DCF7CC740909698E0E45/..\..\cores\arduino_samd_mkrwifi1010_80f043dff363cc91995147f06d01f4ff\core.a(USBCore.cpp.o)
                0x000040b6                DoubleBufferedEPOutHandler::available()
 .text._ZN26DoubleBufferedEPOutHandler4peekEv
                0x000040c2       0x1c C:\Users\DELL\AppData\Local\Temp\arduino\sketches\304AA5B8CE69DCF7CC740909698E0E45/..\..\cores\arduino_samd_mkrwifi1010_80f043dff363cc91995147f06d01f4ff\core.a(USBCore.cpp.o)
                0x000040c2                DoubleBufferedEPOutHandler::peek()
 .text._ZN26DoubleBufferedEPOutHandler4recvEPvm
                0x000040de       0x60 C:\Users\DELL\AppData\Local\Temp\arduino\sketches\304AA5B8CE69DCF7CC740909698E0E45/..\..\cores\arduino_samd_mkrwifi1010_80f043dff363cc91995147f06d01f4ff\core.a(USBCore.cpp.o)
                0x000040de                DoubleBufferedEPOutHandler::recv(void*, unsigned long)
 *fill*         0x0000413e        0x2 
 .text.startup._GLOBAL__sub_I_usbd
                0x00004140       0x10 C:\Users\DELL\AppData\Local\Temp\arduino\sketches\304AA5B8CE69DCF7CC740909698E0E45/..\..\cores\arduino_samd_mkrwifi1010_80f043dff363cc91995147f06d01f4ff\core.a(USBCore.cpp.o)
 .text._ZN14USBDeviceClass4initEv
                0x00004150      0x15c C:\Users\DELL\AppData\Local\Temp\arduino\sketches\304AA5B8CE69DCF7CC740909698E0E45/..\..\cores\arduino_samd_mkrwifi1010_80f043dff363cc91995147f06d01f4ff\core.a(USBCore.cpp.o)
                0x00004150                USBDeviceClass::init()
 .text._ZN7arduino13PluggableUSB_12getInterfaceEPh
                0x000042ac       0x28 C:\Users\DELL\AppData\Local\Temp\arduino\sketches\304AA5B8CE69DCF7CC740909698E0E45/..\..\cores\arduino_samd_mkrwifi1010_80f043dff363cc91995147f06d01f4ff\core.a(PluggableUSB.cpp.o)
                0x000042ac                arduino::PluggableUSB_::getInterface(unsigned char*)
 .text._ZN7arduino13PluggableUSB_13getDescriptorERNS_8USBSetupE
                0x000042d4       0x20 C:\Users\DELL\AppData\Local\Temp\arduino\sketches\304AA5B8CE69DCF7CC740909698E0E45/..\..\cores\arduino_samd_mkrwifi1010_80f043dff363cc91995147f06d01f4ff\core.a(PluggableUSB.cpp.o)
                0x000042d4                arduino::PluggableUSB_::getDescriptor(arduino::USBSetup&)
 .text._ZN7arduino13PluggableUSB_12getShortNameEPc
                0x000042f4       0x1e C:\Users\DELL\AppData\Local\Temp\arduino\sketches\304AA5B8CE69DCF7CC740909698E0E45/..\..\cores\arduino_samd_mkrwifi1010_80f043dff363cc91995147f06d01f4ff\core.a(PluggableUSB.cpp.o)
                0x000042f4                arduino::PluggableUSB_::getShortName(char*)
 .text._ZN7arduino13PluggableUSB_5setupERNS_8USBSetupE
                0x00004312       0x20 C:\Users\DELL\AppData\Local\Temp\arduino\sketches\304AA5B8CE69DCF7CC740909698E0E45/..\..\cores\arduino_samd_mkrwifi1010_80f043dff363cc91995147f06d01f4ff\core.a(PluggableUSB.cpp.o)
                0x00004312                arduino::PluggableUSB_::setup(arduino::USBSetup&)
 .text._ZN7arduino13PluggableUSB_4plugEPNS_18PluggableUSBModuleE
                0x00004332       0x5c C:\Users\DELL\AppData\Local\Temp\arduino\sketches\304AA5B8CE69DCF7CC740909698E0E45/..\..\cores\arduino_samd_mkrwifi1010_80f043dff363cc91995147f06d01f4ff\core.a(PluggableUSB.cpp.o)
                0x00004332                arduino::PluggableUSB_::plug(arduino::PluggableUSBModule*)
 *fill*         0x0000438e        0x2 
 .text._Z12PluggableUSBv
                0x00004390       0x24 C:\Users\DELL\AppData\Local\Temp\arduino\sketches\304AA5B8CE69DCF7CC740909698E0E45/..\..\cores\arduino_samd_mkrwifi1010_80f043dff363cc91995147f06d01f4ff\core.a(PluggableUSB.cpp.o)
                0x00004390                PluggableUSB()
 .text._Znwj    0x000043b4        0x8 C:\Users\DELL\AppData\Local\Temp\arduino\sketches\304AA5B8CE69DCF7CC740909698E0E45/..\..\cores\arduino_samd_mkrwifi1010_80f043dff363cc91995147f06d01f4ff\core.a(new.cpp.o)
                0x000043b4                operator new(unsigned int)
 .text._ZdlPv   0x000043bc        0x8 C:\Users\DELL\AppData\Local\Temp\arduino\sketches\304AA5B8CE69DCF7CC740909698E0E45/..\..\cores\arduino_samd_mkrwifi1010_80f043dff363cc91995147f06d01f4ff\core.a(new.cpp.o)
                0x000043bc                operator delete(void*)
 .text._ZN7Serial_13getDescriptorERN7arduino8USBSetupE
                0x000043c4        0x4 C:\Users\DELL\AppData\Local\Temp\arduino\sketches\304AA5B8CE69DCF7CC740909698E0E45/..\..\cores\arduino_samd_mkrwifi1010_80f043dff363cc91995147f06d01f4ff\core.a(CDC.cpp.o)
                0x000043c4                Serial_::getDescriptor(arduino::USBSetup&)
 .text._ZL5utox8mPc
                0x000043c8       0x24 C:\Users\DELL\AppData\Local\Temp\arduino\sketches\304AA5B8CE69DCF7CC740909698E0E45/..\..\cores\arduino_samd_mkrwifi1010_80f043dff363cc91995147f06d01f4ff\core.a(CDC.cpp.o)
 .text._ZN7Serial_12getShortNameEPc
                0x000043ec       0x44 C:\Users\DELL\AppData\Local\Temp\arduino\sketches\304AA5B8CE69DCF7CC740909698E0E45/..\..\cores\arduino_samd_mkrwifi1010_80f043dff363cc91995147f06d01f4ff\core.a(CDC.cpp.o)
                0x000043ec                Serial_::getShortName(char*)
 .text._ZThn16_N7Serial_12getShortNameEPc
                0x00004430       0x10 C:\Users\DELL\AppData\Local\Temp\arduino\sketches\304AA5B8CE69DCF7CC740909698E0E45/..\..\cores\arduino_samd_mkrwifi1010_80f043dff363cc91995147f06d01f4ff\core.a(CDC.cpp.o)
                0x00004430                non-virtual thunk to Serial_::getShortName(char*)
 .text._ZN7Serial_5beginEm
                0x00004440        0x2 C:\Users\DELL\AppData\Local\Temp\arduino\sketches\304AA5B8CE69DCF7CC740909698E0E45/..\..\cores\arduino_samd_mkrwifi1010_80f043dff363cc91995147f06d01f4ff\core.a(CDC.cpp.o)
                0x00004440                Serial_::begin(unsigned long)
 .text._ZN7Serial_5beginEmt
                0x00004442        0x2 C:\Users\DELL\AppData\Local\Temp\arduino\sketches\304AA5B8CE69DCF7CC740909698E0E45/..\..\cores\arduino_samd_mkrwifi1010_80f043dff363cc91995147f06d01f4ff\core.a(CDC.cpp.o)
                0x00004442                Serial_::begin(unsigned long, unsigned short)
 .text._ZN7Serial_17availableForWriteEv
                0x00004444        0x4 C:\Users\DELL\AppData\Local\Temp\arduino\sketches\304AA5B8CE69DCF7CC740909698E0E45/..\..\cores\arduino_samd_mkrwifi1010_80f043dff363cc91995147f06d01f4ff\core.a(CDC.cpp.o)
                0x00004444                Serial_::availableForWrite()
 .text._ZN7Serial_5writeEh
                0x00004448       0x14 C:\Users\DELL\AppData\Local\Temp\arduino\sketches\304AA5B8CE69DCF7CC740909698E0E45/..\..\cores\arduino_samd_mkrwifi1010_80f043dff363cc91995147f06d01f4ff\core.a(CDC.cpp.o)
                0x00004448                Serial_::write(unsigned char)
 .text._ZN7Serial_12getInterfaceEPh
                0x0000445c      0x11c C:\Users\DELL\AppData\Local\Temp\arduino\sketches\304AA5B8CE69DCF7CC740909698E0E45/..\..\cores\arduino_samd_mkrwifi1010_80f043dff363cc91995147f06d01f4ff\core.a(CDC.cpp.o)
                0x0000445c                Serial_::getInterface(unsigned char*)
 .text._ZThn16_N7Serial_12getInterfaceEPh
                0x00004578       0x10 C:\Users\DELL\AppData\Local\Temp\arduino\sketches\304AA5B8CE69DCF7CC740909698E0E45/..\..\cores\arduino_samd_mkrwifi1010_80f043dff363cc91995147f06d01f4ff\core.a(CDC.cpp.o)
                0x00004578                non-virtual thunk to Serial_::getInterface(unsigned char*)
 .text._ZN7Serial_5setupERN7arduino8USBSetupE
                0x00004588       0x98 C:\Users\DELL\AppData\Local\Temp\arduino\sketches\304AA5B8CE69DCF7CC740909698E0E45/..\..\cores\arduino_samd_mkrwifi1010_80f043dff363cc91995147f06d01f4ff\core.a(CDC.cpp.o)
                0x00004588                Serial_::setup(arduino::USBSetup&)
 .text._ZThn16_N7Serial_5setupERN7arduino8USBSetupE
                0x00004620       0x10 C:\Users\DELL\AppData\Local\Temp\arduino\sketches\304AA5B8CE69DCF7CC740909698E0E45/..\..\cores\arduino_samd_mkrwifi1010_80f043dff363cc91995147f06d01f4ff\core.a(CDC.cpp.o)
                0x00004620                non-virtual thunk to Serial_::setup(arduino::USBSetup&)
 .text._ZN7Serial_3endEv
                0x00004630       0x14 C:\Users\DELL\AppData\Local\Temp\arduino\sketches\304AA5B8CE69DCF7CC740909698E0E45/..\..\cores\arduino_samd_mkrwifi1010_80f043dff363cc91995147f06d01f4ff\core.a(CDC.cpp.o)
                0x00004630                Serial_::end()
 .text._ZN7Serial_9availableEv
                0x00004644       0x20 C:\Users\DELL\AppData\Local\Temp\arduino\sketches\304AA5B8CE69DCF7CC740909698E0E45/..\..\cores\arduino_samd_mkrwifi1010_80f043dff363cc91995147f06d01f4ff\core.a(CDC.cpp.o)
                0x00004644                Serial_::available()
 .text._ZN7Serial_5flushEv
                0x00004664        0xe C:\Users\DELL\AppData\Local\Temp\arduino\sketches\304AA5B8CE69DCF7CC740909698E0E45/..\..\cores\arduino_samd_mkrwifi1010_80f043dff363cc91995147f06d01f4ff\core.a(CDC.cpp.o)
                0x00004664                Serial_::flush()
 .text._ZN7Serial_5clearEv
                0x00004672        0xe C:\Users\DELL\AppData\Local\Temp\arduino\sketches\304AA5B8CE69DCF7CC740909698E0E45/..\..\cores\arduino_samd_mkrwifi1010_80f043dff363cc91995147f06d01f4ff\core.a(CDC.cpp.o)
                0x00004672                Serial_::clear()
 .text._ZN7Serial_5writeEPKhj
                0x00004680       0x1e C:\Users\DELL\AppData\Local\Temp\arduino\sketches\304AA5B8CE69DCF7CC740909698E0E45/..\..\cores\arduino_samd_mkrwifi1010_80f043dff363cc91995147f06d01f4ff\core.a(CDC.cpp.o)
                0x00004680                Serial_::write(unsigned char const*, unsigned int)
 *fill*         0x0000469e        0x2 
 .text._ZN7Serial_4peekEv
                0x000046a0       0x1c C:\Users\DELL\AppData\Local\Temp\arduino\sketches\304AA5B8CE69DCF7CC740909698E0E45/..\..\cores\arduino_samd_mkrwifi1010_80f043dff363cc91995147f06d01f4ff\core.a(CDC.cpp.o)
                0x000046a0                Serial_::peek()
 .text._ZN7Serial_4readEv
                0x000046bc       0x24 C:\Users\DELL\AppData\Local\Temp\arduino\sketches\304AA5B8CE69DCF7CC740909698E0E45/..\..\cores\arduino_samd_mkrwifi1010_80f043dff363cc91995147f06d01f4ff\core.a(CDC.cpp.o)
                0x000046bc                Serial_::read()
 .text._ZN7Serial_cvbEv
                0x000046e0       0x28 C:\Users\DELL\AppData\Local\Temp\arduino\sketches\304AA5B8CE69DCF7CC740909698E0E45/..\..\cores\arduino_samd_mkrwifi1010_80f043dff363cc91995147f06d01f4ff\core.a(CDC.cpp.o)
                0x000046e0                Serial_::operator bool()
 .text._ZThn16_N7Serial_13getDescriptorERN7arduino8USBSetupE
                0x00004708        0x4 C:\Users\DELL\AppData\Local\Temp\arduino\sketches\304AA5B8CE69DCF7CC740909698E0E45/..\..\cores\arduino_samd_mkrwifi1010_80f043dff363cc91995147f06d01f4ff\core.a(CDC.cpp.o)
                0x00004708                non-virtual thunk to Serial_::getDescriptor(arduino::USBSetup&)
 .text._ZN7Serial_14handleEndpointEi
                0x0000470c        0x2 C:\Users\DELL\AppData\Local\Temp\arduino\sketches\304AA5B8CE69DCF7CC740909698E0E45/..\..\cores\arduino_samd_mkrwifi1010_80f043dff363cc91995147f06d01f4ff\core.a(CDC.cpp.o)
                0x0000470c                Serial_::handleEndpoint(int)
 *fill*         0x0000470e        0x2 
 .text._ZN7Serial_C2ER14USBDeviceClass
                0x00004710       0x50 C:\Users\DELL\AppData\Local\Temp\arduino\sketches\304AA5B8CE69DCF7CC740909698E0E45/..\..\cores\arduino_samd_mkrwifi1010_80f043dff363cc91995147f06d01f4ff\core.a(CDC.cpp.o)
                0x00004710                Serial_::Serial_(USBDeviceClass&)
                0x00004710                Serial_::Serial_(USBDeviceClass&)
 .text._ZN7Serial_15enableInterruptEv
                0x00004760       0x30 C:\Users\DELL\AppData\Local\Temp\arduino\sketches\304AA5B8CE69DCF7CC740909698E0E45/..\..\cores\arduino_samd_mkrwifi1010_80f043dff363cc91995147f06d01f4ff\core.a(CDC.cpp.o)
                0x00004760                Serial_::enableInterrupt()
 .text.startup._GLOBAL__sub_I__ZN7Serial_12getInterfaceEPh
                0x00004790       0x14 C:\Users\DELL\AppData\Local\Temp\arduino\sketches\304AA5B8CE69DCF7CC740909698E0E45/..\..\cores\arduino_samd_mkrwifi1010_80f043dff363cc91995147f06d01f4ff\core.a(CDC.cpp.o)
 .text          0x000047a4       0x14 c:/users/dell/appdata/local/arduino15/packages/arduino/tools/arm-none-eabi-gcc/7-2017q4/bin/../lib/gcc/arm-none-eabi/7.2.1/thumb/v6-m\libgcc.a(_thumb1_case_uqi.o)
                0x000047a4                __gnu_thumb1_case_uqi
 .text          0x000047b8      0x114 c:/users/dell/appdata/local/arduino15/packages/arduino/tools/arm-none-eabi-gcc/7-2017q4/bin/../lib/gcc/arm-none-eabi/7.2.1/thumb/v6-m\libgcc.a(_udivsi3.o)
                0x000047b8                __aeabi_uidiv
                0x000047b8                __udivsi3
                0x000048c4                __aeabi_uidivmod
 .text          0x000048cc        0x4 c:/users/dell/appdata/local/arduino15/packages/arduino/tools/arm-none-eabi-gcc/7-2017q4/bin/../lib/gcc/arm-none-eabi/7.2.1/thumb/v6-m\libgcc.a(_dvmd_tls.o)
                0x000048cc                __aeabi_idiv0
                0x000048cc                __aeabi_ldiv0
 .text.__libc_init_array
                0x000048d0       0x48 c:/users/dell/appdata/local/arduino15/packages/arduino/tools/arm-none-eabi-gcc/7-2017q4/bin/../lib/gcc/arm-none-eabi/7.2.1/../../../../arm-none-eabi/lib/thumb/v6-m\libc_nano.a(lib_a-init.o)
                0x000048d0                __libc_init_array
 .text.malloc   0x00004918       0x14 c:/users/dell/appdata/local/arduino15/packages/arduino/tools/arm-none-eabi-gcc/7-2017q4/bin/../lib/gcc/arm-none-eabi/7.2.1/../../../../arm-none-eabi/lib/thumb/v6-m\libc_nano.a(lib_a-malloc.o)
                0x00004918                malloc
 .text.free     0x0000492c       0x14 c:/users/dell/appdata/local/arduino15/packages/arduino/tools/arm-none-eabi-gcc/7-2017q4/bin/../lib/gcc/arm-none-eabi/7.2.1/../../../../arm-none-eabi/lib/thumb/v6-m\libc_nano.a(lib_a-malloc.o)
                0x0000492c                free
 .text.memcpy   0x00004940       0x12 c:/users/dell/appdata/local/arduino15/packages/arduino/tools/arm-none-eabi-gcc/7-2017q4/bin/../lib/gcc/arm-none-eabi/7.2.1/../../../../arm-none-eabi/lib/thumb/v6-m\libc_nano.a(lib_a-memcpy-stub.o)
                0x00004940                memcpy
 .text.memset   0x00004952       0x10 c:/users/dell/appdata/local/arduino15/packages/arduino/tools/arm-none-eabi-gcc/7-2017q4/bin/../lib/gcc/arm-none-eabi/7.2.1/../../../../arm-none-eabi/lib/thumb/v6-m\libc_nano.a(lib_a-memset.o)
                0x00004952                memset
 *fill*         0x00004962        0x2 
 .text._free_r  0x00004964       0x94 c:/users/dell/appdata/local/arduino15/packages/arduino/tools/arm-none-eabi-gcc/7-2017q4/bin/../lib/gcc/arm-none-eabi/7.2.1/../../../../arm-none-eabi/lib/thumb/v6-m\libc_nano.a(lib_a-nano-freer.o)
                0x00004964                _free_r
 .text._malloc_r
                0x000049f8       0xbc c:/users/dell/appdata/local/arduino15/packages/arduino/tools/arm-none-eabi-gcc/7-2017q4/bin/../lib/gcc/arm-none-eabi/7.2.1/../../../../arm-none-eabi/lib/thumb/v6-m\libc_nano.a(lib_a-nano-mallocr.o)
                0x000049f8                _malloc_r
 .text._sbrk_r  0x00004ab4       0x24 c:/users/dell/appdata/local/arduino15/packages/arduino/tools/arm-none-eabi-gcc/7-2017q4/bin/../lib/gcc/arm-none-eabi/7.2.1/../../../../arm-none-eabi/lib/thumb/v6-m\libc_nano.a(lib_a-sbrkr.o)
                0x00004ab4                _sbrk_r
 .text          0x00004ad8        0xe c:/users/dell/appdata/local/arduino15/packages/arduino/tools/arm-none-eabi-gcc/7-2017q4/bin/../lib/gcc/arm-none-eabi/7.2.1/../../../../arm-none-eabi/lib/thumb/v6-m\libc_nano.a(lib_a-strlen.o)
                0x00004ad8                strlen
 .text.__malloc_lock
                0x00004ae6        0x2 c:/users/dell/appdata/local/arduino15/packages/arduino/tools/arm-none-eabi-gcc/7-2017q4/bin/../lib/gcc/arm-none-eabi/7.2.1/../../../../arm-none-eabi/lib/thumb/v6-m\libc_nano.a(lib_a-mlock.o)
                0x00004ae6                __malloc_lock
 .text.__malloc_unlock
                0x00004ae8        0x2 c:/users/dell/appdata/local/arduino15/packages/arduino/tools/arm-none-eabi-gcc/7-2017q4/bin/../lib/gcc/arm-none-eabi/7.2.1/../../../../arm-none-eabi/lib/thumb/v6-m\libc_nano.a(lib_a-mlock.o)
                0x00004ae8                __malloc_unlock
 *fill*         0x00004aea        0x2 
 .text._sbrk    0x00004aec       0x1c c:/users/dell/appdata/local/arduino15/packages/arduino/tools/arm-none-eabi-gcc/7-2017q4/bin/../lib/gcc/arm-none-eabi/7.2.1/../../../../arm-none-eabi/lib/thumb/v6-m\libnosys.a(sbrk.o)
                0x00004aec                _sbrk
 *(.init)
 .init          0x00004b08        0x4 c:/users/dell/appdata/local/arduino15/packages/arduino/tools/arm-none-eabi-gcc/7-2017q4/bin/../lib/gcc/arm-none-eabi/7.2.1/thumb/v6-m/crti.o
                0x00004b08                _init
 .init          0x00004b0c        0x8 c:/users/dell/appdata/local/arduino15/packages/arduino/tools/arm-none-eabi-gcc/7-2017q4/bin/../lib/gcc/arm-none-eabi/7.2.1/thumb/v6-m/crtn.o
 *(.fini)
 .fini          0x00004b14        0x4 c:/users/dell/appdata/local/arduino15/packages/arduino/tools/arm-none-eabi-gcc/7-2017q4/bin/../lib/gcc/arm-none-eabi/7.2.1/thumb/v6-m/crti.o
                0x00004b14                _fini
 .fini          0x00004b18        0x8 c:/users/dell/appdata/local/arduino15/packages/arduino/tools/arm-none-eabi-gcc/7-2017q4/bin/../lib/gcc/arm-none-eabi/7.2.1/thumb/v6-m/crtn.o
 *crtbegin.o(.ctors)
 *crtbegin?.o(.ctors)
 *(EXCLUDE_FILE(*crtend.o *crtend?.o) .ctors)
 *(SORT_BY_NAME(.ctors.*))
 *(.ctors)
 *crtbegin.o(.dtors)
 *crtbegin?.o(.dtors)
 *(EXCLUDE_FILE(*crtend.o *crtend?.o) .dtors)
 *(SORT_BY_NAME(.dtors.*))
 *(.dtors)
 *(.rodata*)
 .rodata.g_APinDescription
                0x00004b20      0x360 C:\Users\DELL\AppData\Local\Temp\arduino\sketches\304AA5B8CE69DCF7CC740909698E0E45\core\variant.cpp.o
                0x00004b20                g_APinDescription
 .rodata._ZTV4Uart
                0x00004e80       0x34 C:\Users\DELL\AppData\Local\Temp\arduino\sketches\304AA5B8CE69DCF7CC740909698E0E45/..\..\cores\arduino_samd_mkrwifi1010_80f043dff363cc91995147f06d01f4ff\core.a(Uart.cpp.o)
                0x00004e80                vtable for Uart
 .rodata._ZTV26DoubleBufferedEPOutHandler
                0x00004eb4       0x24 C:\Users\DELL\AppData\Local\Temp\arduino\sketches\304AA5B8CE69DCF7CC740909698E0E45/..\..\cores\arduino_samd_mkrwifi1010_80f043dff363cc91995147f06d01f4ff\core.a(USBCore.cpp.o)
                0x00004eb4                vtable for DoubleBufferedEPOutHandler
 .rodata._ZL14STRING_PRODUCT
                0x00004ed8       0x16 C:\Users\DELL\AppData\Local\Temp\arduino\sketches\304AA5B8CE69DCF7CC740909698E0E45/..\..\cores\arduino_samd_mkrwifi1010_80f043dff363cc91995147f06d01f4ff\core.a(USBCore.cpp.o)
 .rodata._ZL15STRING_LANGUAGE
                0x00004eee        0x4 C:\Users\DELL\AppData\Local\Temp\arduino\sketches\304AA5B8CE69DCF7CC740909698E0E45/..\..\cores\arduino_samd_mkrwifi1010_80f043dff363cc91995147f06d01f4ff\core.a(USBCore.cpp.o)
 .rodata._ZL19STRING_MANUFACTURER
                0x00004ef2        0xc C:\Users\DELL\AppData\Local\Temp\arduino\sketches\304AA5B8CE69DCF7CC740909698E0E45/..\..\cores\arduino_samd_mkrwifi1010_80f043dff363cc91995147f06d01f4ff\core.a(USBCore.cpp.o)
 .rodata._ZL21USB_DeviceDescriptorB
                0x00004efe       0x12 C:\Users\DELL\AppData\Local\Temp\arduino\sketches\304AA5B8CE69DCF7CC740909698E0E45/..\..\cores\arduino_samd_mkrwifi1010_80f043dff363cc91995147f06d01f4ff\core.a(USBCore.cpp.o)
 .rodata._ZTV7Serial_
                0x00004f10       0x60 C:\Users\DELL\AppData\Local\Temp\arduino\sketches\304AA5B8CE69DCF7CC740909698E0E45/..\..\cores\arduino_samd_mkrwifi1010_80f043dff363cc91995147f06d01f4ff\core.a(CDC.cpp.o)
                0x00004f10                vtable for Serial_
 *(.eh_frame*)
 .eh_frame      0x00004f70        0x0 c:/users/dell/appdata/local/arduino15/packages/arduino/tools/arm-none-eabi-gcc/7-2017q4/bin/../lib/gcc/arm-none-eabi/7.2.1/thumb/v6-m/crtbegin.o
 .eh_frame      0x00004f70        0x4 c:/users/dell/appdata/local/arduino15/packages/arduino/tools/arm-none-eabi-gcc/7-2017q4/bin/../lib/gcc/arm-none-eabi/7.2.1/thumb/v6-m/crtend.o

.glue_7         0x00004f74        0x0
 .glue_7        0x00004f74        0x0 linker stubs

.glue_7t        0x00004f74        0x0
 .glue_7t       0x00004f74        0x0 linker stubs

.vfp11_veneer   0x00004f74        0x0
 .vfp11_veneer  0x00004f74        0x0 linker stubs

.v4_bx          0x00004f74        0x0
 .v4_bx         0x00004f74        0x0 linker stubs

.iplt           0x00004f74        0x0
 .iplt          0x00004f74        0x0 c:/users/dell/appdata/local/arduino15/packages/arduino/tools/arm-none-eabi-gcc/7-2017q4/bin/../lib/gcc/arm-none-eabi/7.2.1/thumb/v6-m/crtbegin.o

.rel.dyn        0x00004f74        0x0
 .rel.iplt      0x00004f74        0x0 c:/users/dell/appdata/local/arduino15/packages/arduino/tools/arm-none-eabi-gcc/7-2017q4/bin/../lib/gcc/arm-none-eabi/7.2.1/thumb/v6-m/crtbegin.o

.ARM.extab
 *(.ARM.extab* .gnu.linkonce.armextab.*)
                0x00004f74                __exidx_start = .

.ARM.exidx
 *(.ARM.exidx* .gnu.linkonce.armexidx.*)
                0x00004f74                __exidx_end = .
                0x00004f74                __etext = .

.data           0x20000000       0xa0 load address 0x00004f74
                0x20000000                __data_start__ = .
 *(vtable)
 *(.data*)
 .data.pin      0x20000000        0x4 C:\Users\DELL\AppData\Local\Temp\arduino\sketches\304AA5B8CE69DCF7CC740909698E0E45\sketch\ard_led.ino.cpp.o
                0x20000000                pin
 .data.SystemCoreClock
                0x20000004        0x4 C:\Users\DELL\AppData\Local\Temp\arduino\sketches\304AA5B8CE69DCF7CC740909698E0E45/..\..\cores\arduino_samd_mkrwifi1010_80f043dff363cc91995147f06d01f4ff\core.a(wiring.c.o)
                0x20000004                SystemCoreClock
 .data._ADCResolution
                0x20000008        0x4 C:\Users\DELL\AppData\Local\Temp\arduino\sketches\304AA5B8CE69DCF7CC740909698E0E45/..\..\cores\arduino_samd_mkrwifi1010_80f043dff363cc91995147f06d01f4ff\core.a(wiring_analog.c.o)
 .data._readResolution
                0x2000000c        0x4 C:\Users\DELL\AppData\Local\Temp\arduino\sketches\304AA5B8CE69DCF7CC740909698E0E45/..\..\cores\arduino_samd_mkrwifi1010_80f043dff363cc91995147f06d01f4ff\core.a(wiring_analog.c.o)
 .data._ZL5ticks
                0x20000010        0x4 C:\Users\DELL\AppData\Local\Temp\arduino\sketches\304AA5B8CE69DCF7CC740909698E0E45/..\..\cores\arduino_samd_mkrwifi1010_80f043dff363cc91995147f06d01f4ff\core.a(Reset.cpp.o)
 .data._ZL10breakValue
                0x20000014        0x4 C:\Users\DELL\AppData\Local\Temp\arduino\sketches\304AA5B8CE69DCF7CC740909698E0E45/..\..\cores\arduino_samd_mkrwifi1010_80f043dff363cc91995147f06d01f4ff\core.a(CDC.cpp.o)
 .data._ZL12_usbLineInfo
                0x20000018        0x8 C:\Users\DELL\AppData\Local\Temp\arduino\sketches\304AA5B8CE69DCF7CC740909698E0E45/..\..\cores\arduino_samd_mkrwifi1010_80f043dff363cc91995147f06d01f4ff\core.a(CDC.cpp.o)
 .data._serialPeek
                0x20000020        0x4 C:\Users\DELL\AppData\Local\Temp\arduino\sketches\304AA5B8CE69DCF7CC740909698E0E45/..\..\cores\arduino_samd_mkrwifi1010_80f043dff363cc91995147f06d01f4ff\core.a(CDC.cpp.o)
                0x20000020                _serialPeek
 .data._impure_ptr
                0x20000024        0x4 c:/users/dell/appdata/local/arduino15/packages/arduino/tools/arm-none-eabi-gcc/7-2017q4/bin/../lib/gcc/arm-none-eabi/7.2.1/../../../../arm-none-eabi/lib/thumb/v6-m\libc_nano.a(lib_a-impure.o)
                0x20000024                _impure_ptr
 .data.impure_data
                0x20000028       0x60 c:/users/dell/appdata/local/arduino15/packages/arduino/tools/arm-none-eabi-gcc/7-2017q4/bin/../lib/gcc/arm-none-eabi/7.2.1/../../../../arm-none-eabi/lib/thumb/v6-m\libc_nano.a(lib_a-impure.o)
                0x20000088                . = ALIGN (0x4)
                0x20000088                PROVIDE (__preinit_array_start, .)
 *(.preinit_array)
                0x20000088                PROVIDE (__preinit_array_end, .)
                0x20000088                . = ALIGN (0x4)
                0x20000088                PROVIDE (__init_array_start, .)
 *(SORT_BY_NAME(.init_array.*))
 *(.init_array)
 .init_array    0x20000088        0x4 c:/users/dell/appdata/local/arduino15/packages/arduino/tools/arm-none-eabi-gcc/7-2017q4/bin/../lib/gcc/arm-none-eabi/7.2.1/thumb/v6-m/crtbegin.o
 .init_array    0x2000008c        0x4 C:\Users\DELL\AppData\Local\Temp\arduino\sketches\304AA5B8CE69DCF7CC740909698E0E45\core\variant.cpp.o
 .init_array    0x20000090        0x4 C:\Users\DELL\AppData\Local\Temp\arduino\sketches\304AA5B8CE69DCF7CC740909698E0E45/..\..\cores\arduino_samd_mkrwifi1010_80f043dff363cc91995147f06d01f4ff\core.a(USBCore.cpp.o)
 .init_array    0x20000094        0x4 C:\Users\DELL\AppData\Local\Temp\arduino\sketches\304AA5B8CE69DCF7CC740909698E0E45/..\..\cores\arduino_samd_mkrwifi1010_80f043dff363cc91995147f06d01f4ff\core.a(CDC.cpp.o)
                0x20000098                PROVIDE (__init_array_end, .)
                0x20000098                . = ALIGN (0x4)
                [!provide]                PROVIDE (__fini_array_start, .)
 *(SORT_BY_NAME(.fini_array.*))
 *(.fini_array)
 .fini_array    0x20000098        0x4 c:/users/dell/appdata/local/arduino15/packages/arduino/tools/arm-none-eabi-gcc/7-2017q4/bin/../lib/gcc/arm-none-eabi/7.2.1/thumb/v6-m/crtbegin.o
                [!provide]                PROVIDE (__fini_array_end, .)
 *(.jcr*)
                0x200000a0                . = ALIGN (0x10)
 *fill*         0x2000009c        0x4 
                0x200000a0                __data_end__ = .

.igot.plt       0x200000a0        0x0 load address 0x00005014
 .igot.plt      0x200000a0        0x0 c:/users/dell/appdata/local/arduino15/packages/arduino/tools/arm-none-eabi-gcc/7-2017q4/bin/../lib/gcc/arm-none-eabi/7.2.1/thumb/v6-m/crtbegin.o

.bss            0x200000a0      0xb14 load address 0x00005014
                0x200000a0                . = ALIGN (0x4)
                0x200000a0                __bss_start__ = .
 *(.bss*)
 .bss           0x200000a0       0x1c c:/users/dell/appdata/local/arduino15/packages/arduino/tools/arm-none-eabi-gcc/7-2017q4/bin/../lib/gcc/arm-none-eabi/7.2.1/thumb/v6-m/crtbegin.o
 .bss.Serial1   0x200000bc      0x244 C:\Users\DELL\AppData\Local\Temp\arduino\sketches\304AA5B8CE69DCF7CC740909698E0E45\core\variant.cpp.o
                0x200000bc                Serial1
 .bss.Serial2   0x20000300      0x244 C:\Users\DELL\AppData\Local\Temp\arduino\sketches\304AA5B8CE69DCF7CC740909698E0E45\core\variant.cpp.o
                0x20000300                Serial2
 .bss.sercom0   0x20000544        0x8 C:\Users\DELL\AppData\Local\Temp\arduino\sketches\304AA5B8CE69DCF7CC740909698E0E45\core\variant.cpp.o
                0x20000544                sercom0
 .bss.sercom1   0x2000054c        0x8 C:\Users\DELL\AppData\Local\Temp\arduino\sketches\304AA5B8CE69DCF7CC740909698E0E45\core\variant.cpp.o
                0x2000054c                sercom1
 .bss.sercom2   0x20000554        0x8 C:\Users\DELL\AppData\Local\Temp\arduino\sketches\304AA5B8CE69DCF7CC740909698E0E45\core\variant.cpp.o
                0x20000554                sercom2
 .bss.sercom3   0x2000055c        0x8 C:\Users\DELL\AppData\Local\Temp\arduino\sketches\304AA5B8CE69DCF7CC740909698E0E45\core\variant.cpp.o
                0x2000055c                sercom3
 .bss.sercom4   0x20000564        0x8 C:\Users\DELL\AppData\Local\Temp\arduino\sketches\304AA5B8CE69DCF7CC740909698E0E45\core\variant.cpp.o
                0x20000564                sercom4
 .bss.sercom5   0x2000056c        0x8 C:\Users\DELL\AppData\Local\Temp\arduino\sketches\304AA5B8CE69DCF7CC740909698E0E45\core\variant.cpp.o
                0x2000056c                sercom5
 .bss.usb_isr   0x20000574        0x4 C:\Users\DELL\AppData\Local\Temp\arduino\sketches\304AA5B8CE69DCF7CC740909698E0E45/..\..\cores\arduino_samd_mkrwifi1010_80f043dff363cc91995147f06d01f4ff\core.a(cortex_handlers.c.o)
 .bss._ulTickCount
                0x20000578        0x4 C:\Users\DELL\AppData\Local\Temp\arduino\sketches\304AA5B8CE69DCF7CC740909698E0E45/..\..\cores\arduino_samd_mkrwifi1010_80f043dff363cc91995147f06d01f4ff\core.a(delay.c.o)
 .bss.EndPoints
                0x2000057c       0x28 C:\Users\DELL\AppData\Local\Temp\arduino\sketches\304AA5B8CE69DCF7CC740909698E0E45/..\..\cores\arduino_samd_mkrwifi1010_80f043dff363cc91995147f06d01f4ff\core.a(USBCore.cpp.o)
                0x2000057c                EndPoints
 .bss.USBDevice
                0x200005a4        0x1 C:\Users\DELL\AppData\Local\Temp\arduino\sketches\304AA5B8CE69DCF7CC740909698E0E45/..\..\cores\arduino_samd_mkrwifi1010_80f043dff363cc91995147f06d01f4ff\core.a(USBCore.cpp.o)
                0x200005a4                USBDevice
 *fill*         0x200005a5        0x3 
 .bss._ZL10epHandlers
                0x200005a8       0x1c C:\Users\DELL\AppData\Local\Temp\arduino\sketches\304AA5B8CE69DCF7CC740909698E0E45/..\..\cores\arduino_samd_mkrwifi1010_80f043dff363cc91995147f06d01f4ff\core.a(USBCore.cpp.o)
 .bss._ZL14isEndpointHalt
                0x200005c4        0x1 C:\Users\DELL\AppData\Local\Temp\arduino\sketches\304AA5B8CE69DCF7CC740909698E0E45/..\..\cores\arduino_samd_mkrwifi1010_80f043dff363cc91995147f06d01f4ff\core.a(USBCore.cpp.o)
 .bss._ZL20LastTransmitTimedOut
                0x200005c5        0x7 C:\Users\DELL\AppData\Local\Temp\arduino\sketches\304AA5B8CE69DCF7CC740909698E0E45/..\..\cores\arduino_samd_mkrwifi1010_80f043dff363cc91995147f06d01f4ff\core.a(USBCore.cpp.o)
 .bss._ZL21isRemoteWakeUpEnabled
                0x200005cc        0x1 C:\Users\DELL\AppData\Local\Temp\arduino\sketches\304AA5B8CE69DCF7CC740909698E0E45/..\..\cores\arduino_samd_mkrwifi1010_80f043dff363cc91995147f06d01f4ff\core.a(USBCore.cpp.o)
 *fill*         0x200005cd        0x3 
 .bss._ZL22udd_ep_in_cache_buffer
                0x200005d0      0x1c0 C:\Users\DELL\AppData\Local\Temp\arduino\sketches\304AA5B8CE69DCF7CC740909698E0E45/..\..\cores\arduino_samd_mkrwifi1010_80f043dff363cc91995147f06d01f4ff\core.a(USBCore.cpp.o)
 .bss._ZL23udd_ep_out_cache_buffer
                0x20000790      0x1c0 C:\Users\DELL\AppData\Local\Temp\arduino\sketches\304AA5B8CE69DCF7CC740909698E0E45/..\..\cores\arduino_samd_mkrwifi1010_80f043dff363cc91995147f06d01f4ff\core.a(USBCore.cpp.o)
 .bss._dry_run  0x20000950        0x1 C:\Users\DELL\AppData\Local\Temp\arduino\sketches\304AA5B8CE69DCF7CC740909698E0E45/..\..\cores\arduino_samd_mkrwifi1010_80f043dff363cc91995147f06d01f4ff\core.a(USBCore.cpp.o)
                0x20000950                _dry_run
 .bss._pack_buffer
                0x20000951      0x100 C:\Users\DELL\AppData\Local\Temp\arduino\sketches\304AA5B8CE69DCF7CC740909698E0E45/..\..\cores\arduino_samd_mkrwifi1010_80f043dff363cc91995147f06d01f4ff\core.a(USBCore.cpp.o)
                0x20000951                _pack_buffer
 .bss._pack_message
                0x20000a51        0x1 C:\Users\DELL\AppData\Local\Temp\arduino\sketches\304AA5B8CE69DCF7CC740909698E0E45/..\..\cores\arduino_samd_mkrwifi1010_80f043dff363cc91995147f06d01f4ff\core.a(USBCore.cpp.o)
                0x20000a51                _pack_message
 .bss._pack_size
                0x20000a52        0x2 C:\Users\DELL\AppData\Local\Temp\arduino\sketches\304AA5B8CE69DCF7CC740909698E0E45/..\..\cores\arduino_samd_mkrwifi1010_80f043dff363cc91995147f06d01f4ff\core.a(USBCore.cpp.o)
                0x20000a52                _pack_size
 .bss._usbConfiguration
                0x20000a54        0x4 C:\Users\DELL\AppData\Local\Temp\arduino\sketches\304AA5B8CE69DCF7CC740909698E0E45/..\..\cores\arduino_samd_mkrwifi1010_80f043dff363cc91995147f06d01f4ff\core.a(USBCore.cpp.o)
                0x20000a54                _usbConfiguration
 .bss._usbSetInterface
                0x20000a58        0x4 C:\Users\DELL\AppData\Local\Temp\arduino\sketches\304AA5B8CE69DCF7CC740909698E0E45/..\..\cores\arduino_samd_mkrwifi1010_80f043dff363cc91995147f06d01f4ff\core.a(USBCore.cpp.o)
                0x20000a58                _usbSetInterface
 .bss.usbd      0x20000a5c      0x104 C:\Users\DELL\AppData\Local\Temp\arduino\sketches\304AA5B8CE69DCF7CC740909698E0E45/..\..\cores\arduino_samd_mkrwifi1010_80f043dff363cc91995147f06d01f4ff\core.a(USBCore.cpp.o)
                0x20000a5c                usbd
 .bss._ZGVZ12PluggableUSBvE3obj
                0x20000b60        0x4 C:\Users\DELL\AppData\Local\Temp\arduino\sketches\304AA5B8CE69DCF7CC740909698E0E45/..\..\cores\arduino_samd_mkrwifi1010_80f043dff363cc91995147f06d01f4ff\core.a(PluggableUSB.cpp.o)
 .bss._ZZ12PluggableUSBvE3obj
                0x20000b64        0xc C:\Users\DELL\AppData\Local\Temp\arduino\sketches\304AA5B8CE69DCF7CC740909698E0E45/..\..\cores\arduino_samd_mkrwifi1010_80f043dff363cc91995147f06d01f4ff\core.a(PluggableUSB.cpp.o)
 .bss.SerialUSB
                0x20000b70       0x34 C:\Users\DELL\AppData\Local\Temp\arduino\sketches\304AA5B8CE69DCF7CC740909698E0E45/..\..\cores\arduino_samd_mkrwifi1010_80f043dff363cc91995147f06d01f4ff\core.a(CDC.cpp.o)
                0x20000b70                SerialUSB
 .bss.__malloc_free_list
                0x20000ba4        0x4 c:/users/dell/appdata/local/arduino15/packages/arduino/tools/arm-none-eabi-gcc/7-2017q4/bin/../lib/gcc/arm-none-eabi/7.2.1/../../../../arm-none-eabi/lib/thumb/v6-m\libc_nano.a(lib_a-nano-mallocr.o)
                0x20000ba4                __malloc_free_list
 .bss.__malloc_sbrk_start
                0x20000ba8        0x4 c:/users/dell/appdata/local/arduino15/packages/arduino/tools/arm-none-eabi-gcc/7-2017q4/bin/../lib/gcc/arm-none-eabi/7.2.1/../../../../arm-none-eabi/lib/thumb/v6-m\libc_nano.a(lib_a-nano-mallocr.o)
                0x20000ba8                __malloc_sbrk_start
 .bss.heap_end.4102
                0x20000bac        0x4 c:/users/dell/appdata/local/arduino15/packages/arduino/tools/arm-none-eabi-gcc/7-2017q4/bin/../lib/gcc/arm-none-eabi/7.2.1/../../../../arm-none-eabi/lib/thumb/v6-m\libnosys.a(sbrk.o)
 *(COMMON)
 COMMON         0x20000bb0        0x4 c:/users/dell/appdata/local/arduino15/packages/arduino/tools/arm-none-eabi-gcc/7-2017q4/bin/../lib/gcc/arm-none-eabi/7.2.1/../../../../arm-none-eabi/lib/thumb/v6-m\libc_nano.a(lib_a-reent.o)
                0x20000bb0                errno
                0x20000bb4                . = ALIGN (0x4)
                0x20000bb4                __bss_end__ = .

.heap           0x20000bb4        0x0
                0x20000bb4                __end__ = .
                0x20000bb4                PROVIDE (end, .)
 *(.heap*)
                0x20000bb4                __HeapLimit = .

.stack_dummy    0x20000bb4        0x0
 *(.stack*)
                0x20008000                __StackTop = (ORIGIN (RAM) + LENGTH (RAM))
                0x20008000                __StackLimit = (__StackTop - SIZEOF (.stack_dummy))
                0x20008000                PROVIDE (__stack, __StackTop)
                0x20007fff                __ram_end__ = ((ORIGIN (RAM) + LENGTH (RAM)) - 0x1)
                0x00000001                ASSERT ((__StackLimit >= __HeapLimit), region RAM overflowed with stack)
OUTPUT(C:\Users\DELL\AppData\Local\Temp\arduino\sketches\304AA5B8CE69DCF7CC740909698E0E45/ard_led.ino.elf elf32-littlearm)

.ARM.attributes
                0x00000000       0x28
 .ARM.attributes
                0x00000000       0x1e c:/users/dell/appdata/local/arduino15/packages/arduino/tools/arm-none-eabi-gcc/7-2017q4/bin/../lib/gcc/arm-none-eabi/7.2.1/thumb/v6-m/crti.o
 .ARM.attributes
                0x0000001e       0x2c c:/users/dell/appdata/local/arduino15/packages/arduino/tools/arm-none-eabi-gcc/7-2017q4/bin/../lib/gcc/arm-none-eabi/7.2.1/thumb/v6-m/crtbegin.o
 .ARM.attributes
                0x0000004a       0x32 C:\Users\DELL\AppData\Local\Temp\arduino\sketches\304AA5B8CE69DCF7CC740909698E0E45\sketch\ard_led.ino.cpp.o
 .ARM.attributes
                0x0000007c       0x32 C:\Users\DELL\AppData\Local\Temp\arduino\sketches\304AA5B8CE69DCF7CC740909698E0E45\core\variant.cpp.o
 .ARM.attributes
                0x000000ae       0x32 C:\Users\DELL\AppData\Local\Temp\arduino\sketches\304AA5B8CE69DCF7CC740909698E0E45/..\..\cores\arduino_samd_mkrwifi1010_80f043dff363cc91995147f06d01f4ff\core.a(SERCOM.cpp.o)
 .ARM.attributes
                0x000000e0       0x32 C:\Users\DELL\AppData\Local\Temp\arduino\sketches\304AA5B8CE69DCF7CC740909698E0E45/..\..\cores\arduino_samd_mkrwifi1010_80f043dff363cc91995147f06d01f4ff\core.a(Uart.cpp.o)
 .ARM.attributes
                0x00000112       0x32 C:\Users\DELL\AppData\Local\Temp\arduino\sketches\304AA5B8CE69DCF7CC740909698E0E45/..\..\cores\arduino_samd_mkrwifi1010_80f043dff363cc91995147f06d01f4ff\core.a(Print.cpp.o)
 .ARM.attributes
                0x00000144       0x32 C:\Users\DELL\AppData\Local\Temp\arduino\sketches\304AA5B8CE69DCF7CC740909698E0E45/..\..\cores\arduino_samd_mkrwifi1010_80f043dff363cc91995147f06d01f4ff\core.a(cortex_handlers.c.o)
 .ARM.attributes
                0x00000176       0x32 C:\Users\DELL\AppData\Local\Temp\arduino\sketches\304AA5B8CE69DCF7CC740909698E0E45/..\..\cores\arduino_samd_mkrwifi1010_80f043dff363cc91995147f06d01f4ff\core.a(delay.c.o)
 .ARM.attributes
                0x000001a8       0x32 C:\Users\DELL\AppData\Local\Temp\arduino\sketches\304AA5B8CE69DCF7CC740909698E0E45/..\..\cores\arduino_samd_mkrwifi1010_80f043dff363cc91995147f06d01f4ff\core.a(hooks.c.o)
 .ARM.attributes
                0x000001da       0x32 C:\Users\DELL\AppData\Local\Temp\arduino\sketches\304AA5B8CE69DCF7CC740909698E0E45/..\..\cores\arduino_samd_mkrwifi1010_80f043dff363cc91995147f06d01f4ff\core.a(main.cpp.o)
 .ARM.attributes
                0x0000020c       0x32 C:\Users\DELL\AppData\Local\Temp\arduino\sketches\304AA5B8CE69DCF7CC740909698E0E45/..\..\cores\arduino_samd_mkrwifi1010_80f043dff363cc91995147f06d01f4ff\core.a(startup.c.o)
 .ARM.attributes
                0x0000023e       0x32 C:\Users\DELL\AppData\Local\Temp\arduino\sketches\304AA5B8CE69DCF7CC740909698E0E45/..\..\cores\arduino_samd_mkrwifi1010_80f043dff363cc91995147f06d01f4ff\core.a(wiring.c.o)
 .ARM.attributes
                0x00000270       0x32 C:\Users\DELL\AppData\Local\Temp\arduino\sketches\304AA5B8CE69DCF7CC740909698E0E45/..\..\cores\arduino_samd_mkrwifi1010_80f043dff363cc91995147f06d01f4ff\core.a(wiring_analog.c.o)
 .ARM.attributes
                0x000002a2       0x32 C:\Users\DELL\AppData\Local\Temp\arduino\sketches\304AA5B8CE69DCF7CC740909698E0E45/..\..\cores\arduino_samd_mkrwifi1010_80f043dff363cc91995147f06d01f4ff\core.a(wiring_digital.c.o)
 .ARM.attributes
                0x000002d4       0x32 C:\Users\DELL\AppData\Local\Temp\arduino\sketches\304AA5B8CE69DCF7CC740909698E0E45/..\..\cores\arduino_samd_mkrwifi1010_80f043dff363cc91995147f06d01f4ff\core.a(wiring_private.c.o)
 .ARM.attributes
                0x00000306       0x32 C:\Users\DELL\AppData\Local\Temp\arduino\sketches\304AA5B8CE69DCF7CC740909698E0E45/..\..\cores\arduino_samd_mkrwifi1010_80f043dff363cc91995147f06d01f4ff\core.a(Reset.cpp.o)
 .ARM.attributes
                0x00000338       0x32 C:\Users\DELL\AppData\Local\Temp\arduino\sketches\304AA5B8CE69DCF7CC740909698E0E45/..\..\cores\arduino_samd_mkrwifi1010_80f043dff363cc91995147f06d01f4ff\core.a(USBCore.cpp.o)
 .ARM.attributes
                0x0000036a       0x32 C:\Users\DELL\AppData\Local\Temp\arduino\sketches\304AA5B8CE69DCF7CC740909698E0E45/..\..\cores\arduino_samd_mkrwifi1010_80f043dff363cc91995147f06d01f4ff\core.a(PluggableUSB.cpp.o)
 .ARM.attributes
                0x0000039c       0x32 C:\Users\DELL\AppData\Local\Temp\arduino\sketches\304AA5B8CE69DCF7CC740909698E0E45/..\..\cores\arduino_samd_mkrwifi1010_80f043dff363cc91995147f06d01f4ff\core.a(new.cpp.o)
 .ARM.attributes
                0x000003ce       0x32 C:\Users\DELL\AppData\Local\Temp\arduino\sketches\304AA5B8CE69DCF7CC740909698E0E45/..\..\cores\arduino_samd_mkrwifi1010_80f043dff363cc91995147f06d01f4ff\core.a(CDC.cpp.o)
 .ARM.attributes
                0x00000400       0x1e c:/users/dell/appdata/local/arduino15/packages/arduino/tools/arm-none-eabi-gcc/7-2017q4/bin/../lib/gcc/arm-none-eabi/7.2.1/thumb/v6-m\libgcc.a(_thumb1_case_uqi.o)
 .ARM.attributes
                0x0000041e       0x1e c:/users/dell/appdata/local/arduino15/packages/arduino/tools/arm-none-eabi-gcc/7-2017q4/bin/../lib/gcc/arm-none-eabi/7.2.1/thumb/v6-m\libgcc.a(_udivsi3.o)
 .ARM.attributes
                0x0000043c       0x1e c:/users/dell/appdata/local/arduino15/packages/arduino/tools/arm-none-eabi-gcc/7-2017q4/bin/../lib/gcc/arm-none-eabi/7.2.1/thumb/v6-m\libgcc.a(_dvmd_tls.o)
 .ARM.attributes
                0x0000045a       0x2c c:/users/dell/appdata/local/arduino15/packages/arduino/tools/arm-none-eabi-gcc/7-2017q4/bin/../lib/gcc/arm-none-eabi/7.2.1/../../../../arm-none-eabi/lib/thumb/v6-m\libc_nano.a(lib_a-impure.o)
 .ARM.attributes
                0x00000486       0x2c c:/users/dell/appdata/local/arduino15/packages/arduino/tools/arm-none-eabi-gcc/7-2017q4/bin/../lib/gcc/arm-none-eabi/7.2.1/../../../../arm-none-eabi/lib/thumb/v6-m\libc_nano.a(lib_a-init.o)
 .ARM.attributes
                0x000004b2       0x2c c:/users/dell/appdata/local/arduino15/packages/arduino/tools/arm-none-eabi-gcc/7-2017q4/bin/../lib/gcc/arm-none-eabi/7.2.1/../../../../arm-none-eabi/lib/thumb/v6-m\libc_nano.a(lib_a-malloc.o)
 .ARM.attributes
                0x000004de       0x2c c:/users/dell/appdata/local/arduino15/packages/arduino/tools/arm-none-eabi-gcc/7-2017q4/bin/../lib/gcc/arm-none-eabi/7.2.1/../../../../arm-none-eabi/lib/thumb/v6-m\libc_nano.a(lib_a-memcpy-stub.o)
 .ARM.attributes
                0x0000050a       0x2c c:/users/dell/appdata/local/arduino15/packages/arduino/tools/arm-none-eabi-gcc/7-2017q4/bin/../lib/gcc/arm-none-eabi/7.2.1/../../../../arm-none-eabi/lib/thumb/v6-m\libc_nano.a(lib_a-memset.o)
 .ARM.attributes
                0x00000536       0x2c c:/users/dell/appdata/local/arduino15/packages/arduino/tools/arm-none-eabi-gcc/7-2017q4/bin/../lib/gcc/arm-none-eabi/7.2.1/../../../../arm-none-eabi/lib/thumb/v6-m\libc_nano.a(lib_a-nano-freer.o)
 .ARM.attributes
                0x00000562       0x2c c:/users/dell/appdata/local/arduino15/packages/arduino/tools/arm-none-eabi-gcc/7-2017q4/bin/../lib/gcc/arm-none-eabi/7.2.1/../../../../arm-none-eabi/lib/thumb/v6-m\libc_nano.a(lib_a-nano-mallocr.o)
 .ARM.attributes
                0x0000058e       0x2c c:/users/dell/appdata/local/arduino15/packages/arduino/tools/arm-none-eabi-gcc/7-2017q4/bin/../lib/gcc/arm-none-eabi/7.2.1/../../../../arm-none-eabi/lib/thumb/v6-m\libc_nano.a(lib_a-sbrkr.o)
 .ARM.attributes
                0x000005ba       0x1c c:/users/dell/appdata/local/arduino15/packages/arduino/tools/arm-none-eabi-gcc/7-2017q4/bin/../lib/gcc/arm-none-eabi/7.2.1/../../../../arm-none-eabi/lib/thumb/v6-m\libc_nano.a(lib_a-strlen.o)
 .ARM.attributes
                0x000005d6       0x2c c:/users/dell/appdata/local/arduino15/packages/arduino/tools/arm-none-eabi-gcc/7-2017q4/bin/../lib/gcc/arm-none-eabi/7.2.1/../../../../arm-none-eabi/lib/thumb/v6-m\libc_nano.a(lib_a-mlock.o)
 .ARM.attributes
                0x00000602       0x2c c:/users/dell/appdata/local/arduino15/packages/arduino/tools/arm-none-eabi-gcc/7-2017q4/bin/../lib/gcc/arm-none-eabi/7.2.1/../../../../arm-none-eabi/lib/thumb/v6-m\libc_nano.a(lib_a-reent.o)
 .ARM.attributes
                0x0000062e       0x2c c:/users/dell/appdata/local/arduino15/packages/arduino/tools/arm-none-eabi-gcc/7-2017q4/bin/../lib/gcc/arm-none-eabi/7.2.1/../../../../arm-none-eabi/lib/thumb/v6-m\libnosys.a(sbrk.o)
 .ARM.attributes
                0x0000065a       0x2c c:/users/dell/appdata/local/arduino15/packages/arduino/tools/arm-none-eabi-gcc/7-2017q4/bin/../lib/gcc/arm-none-eabi/7.2.1/thumb/v6-m/crtend.o
 .ARM.attributes
                0x00000686       0x1e c:/users/dell/appdata/local/arduino15/packages/arduino/tools/arm-none-eabi-gcc/7-2017q4/bin/../lib/gcc/arm-none-eabi/7.2.1/thumb/v6-m/crtn.o

.comment        0x00000000       0x7e
 .comment       0x00000000       0x7e C:\Users\DELL\AppData\Local\Temp\arduino\sketches\304AA5B8CE69DCF7CC740909698E0E45\sketch\ard_led.ino.cpp.o
                                 0x7f (size before relaxing)
 .comment       0x0000007e       0x7f C:\Users\DELL\AppData\Local\Temp\arduino\sketches\304AA5B8CE69DCF7CC740909698E0E45\core\variant.cpp.o
 .comment       0x0000007e       0x7f C:\Users\DELL\AppData\Local\Temp\arduino\sketches\304AA5B8CE69DCF7CC740909698E0E45/..\..\cores\arduino_samd_mkrwifi1010_80f043dff363cc91995147f06d01f4ff\core.a(SERCOM.cpp.o)
 .comment       0x0000007e       0x7f C:\Users\DELL\AppData\Local\Temp\arduino\sketches\304AA5B8CE69DCF7CC740909698E0E45/..\..\cores\arduino_samd_mkrwifi1010_80f043dff363cc91995147f06d01f4ff\core.a(Uart.cpp.o)
 .comment       0x0000007e       0x7f C:\Users\DELL\AppData\Local\Temp\arduino\sketches\304AA5B8CE69DCF7CC740909698E0E45/..\..\cores\arduino_samd_mkrwifi1010_80f043dff363cc91995147f06d01f4ff\core.a(Print.cpp.o)
 .comment       0x0000007e       0x7f C:\Users\DELL\AppData\Local\Temp\arduino\sketches\304AA5B8CE69DCF7CC740909698E0E45/..\..\cores\arduino_samd_mkrwifi1010_80f043dff363cc91995147f06d01f4ff\core.a(cortex_handlers.c.o)
 .comment       0x0000007e       0x7f C:\Users\DELL\AppData\Local\Temp\arduino\sketches\304AA5B8CE69DCF7CC740909698E0E45/..\..\cores\arduino_samd_mkrwifi1010_80f043dff363cc91995147f06d01f4ff\core.a(delay.c.o)
 .comment       0x0000007e       0x7f C:\Users\DELL\AppData\Local\Temp\arduino\sketches\304AA5B8CE69DCF7CC740909698E0E45/..\..\cores\arduino_samd_mkrwifi1010_80f043dff363cc91995147f06d01f4ff\core.a(hooks.c.o)
 .comment       0x0000007e       0x7f C:\Users\DELL\AppData\Local\Temp\arduino\sketches\304AA5B8CE69DCF7CC740909698E0E45/..\..\cores\arduino_samd_mkrwifi1010_80f043dff363cc91995147f06d01f4ff\core.a(main.cpp.o)
 .comment       0x0000007e       0x7f C:\Users\DELL\AppData\Local\Temp\arduino\sketches\304AA5B8CE69DCF7CC740909698E0E45/..\..\cores\arduino_samd_mkrwifi1010_80f043dff363cc91995147f06d01f4ff\core.a(startup.c.o)
 .comment       0x0000007e       0x7f C:\Users\DELL\AppData\Local\Temp\arduino\sketches\304AA5B8CE69DCF7CC740909698E0E45/..\..\cores\arduino_samd_mkrwifi1010_80f043dff363cc91995147f06d01f4ff\core.a(wiring.c.o)
 .comment       0x0000007e       0x7f C:\Users\DELL\AppData\Local\Temp\arduino\sketches\304AA5B8CE69DCF7CC740909698E0E45/..\..\cores\arduino_samd_mkrwifi1010_80f043dff363cc91995147f06d01f4ff\core.a(wiring_analog.c.o)
 .comment       0x0000007e       0x7f C:\Users\DELL\AppData\Local\Temp\arduino\sketches\304AA5B8CE69DCF7CC740909698E0E45/..\..\cores\arduino_samd_mkrwifi1010_80f043dff363cc91995147f06d01f4ff\core.a(wiring_digital.c.o)
 .comment       0x0000007e       0x7f C:\Users\DELL\AppData\Local\Temp\arduino\sketches\304AA5B8CE69DCF7CC740909698E0E45/..\..\cores\arduino_samd_mkrwifi1010_80f043dff363cc91995147f06d01f4ff\core.a(wiring_private.c.o)
 .comment       0x0000007e       0x7f C:\Users\DELL\AppData\Local\Temp\arduino\sketches\304AA5B8CE69DCF7CC740909698E0E45/..\..\cores\arduino_samd_mkrwifi1010_80f043dff363cc91995147f06d01f4ff\core.a(Reset.cpp.o)
 .comment       0x0000007e       0x7f C:\Users\DELL\AppData\Local\Temp\arduino\sketches\304AA5B8CE69DCF7CC740909698E0E45/..\..\cores\arduino_samd_mkrwifi1010_80f043dff363cc91995147f06d01f4ff\core.a(USBCore.cpp.o)
 .comment       0x0000007e       0x7f C:\Users\DELL\AppData\Local\Temp\arduino\sketches\304AA5B8CE69DCF7CC740909698E0E45/..\..\cores\arduino_samd_mkrwifi1010_80f043dff363cc91995147f06d01f4ff\core.a(PluggableUSB.cpp.o)
 .comment       0x0000007e       0x7f C:\Users\DELL\AppData\Local\Temp\arduino\sketches\304AA5B8CE69DCF7CC740909698E0E45/..\..\cores\arduino_samd_mkrwifi1010_80f043dff363cc91995147f06d01f4ff\core.a(new.cpp.o)
 .comment       0x0000007e       0x7f C:\Users\DELL\AppData\Local\Temp\arduino\sketches\304AA5B8CE69DCF7CC740909698E0E45/..\..\cores\arduino_samd_mkrwifi1010_80f043dff363cc91995147f06d01f4ff\core.a(CDC.cpp.o)

.debug_info     0x00000000    0x5749d
 .debug_info    0x00000000     0x5e88 C:\Users\DELL\AppData\Local\Temp\arduino\sketches\304AA5B8CE69DCF7CC740909698E0E45\sketch\ard_led.ino.cpp.o
 .debug_info    0x00005e88     0x8cc6 C:\Users\DELL\AppData\Local\Temp\arduino\sketches\304AA5B8CE69DCF7CC740909698E0E45\core\variant.cpp.o
 .debug_info    0x0000eb4e     0x731a C:\Users\DELL\AppData\Local\Temp\arduino\sketches\304AA5B8CE69DCF7CC740909698E0E45/..\..\cores\arduino_samd_mkrwifi1010_80f043dff363cc91995147f06d01f4ff\core.a(SERCOM.cpp.o)
 .debug_info    0x00015e68     0x7f9c C:\Users\DELL\AppData\Local\Temp\arduino\sketches\304AA5B8CE69DCF7CC740909698E0E45/..\..\cores\arduino_samd_mkrwifi1010_80f043dff363cc91995147f06d01f4ff\core.a(Uart.cpp.o)
 .debug_info    0x0001de04     0x41d3 C:\Users\DELL\AppData\Local\Temp\arduino\sketches\304AA5B8CE69DCF7CC740909698E0E45/..\..\cores\arduino_samd_mkrwifi1010_80f043dff363cc91995147f06d01f4ff\core.a(Print.cpp.o)
 .debug_info    0x00021fd7     0x10f5 C:\Users\DELL\AppData\Local\Temp\arduino\sketches\304AA5B8CE69DCF7CC740909698E0E45/..\..\cores\arduino_samd_mkrwifi1010_80f043dff363cc91995147f06d01f4ff\core.a(cortex_handlers.c.o)
 .debug_info    0x000230cc     0x13bb C:\Users\DELL\AppData\Local\Temp\arduino\sketches\304AA5B8CE69DCF7CC740909698E0E45/..\..\cores\arduino_samd_mkrwifi1010_80f043dff363cc91995147f06d01f4ff\core.a(delay.c.o)
 .debug_info    0x00024487       0x64 C:\Users\DELL\AppData\Local\Temp\arduino\sketches\304AA5B8CE69DCF7CC740909698E0E45/..\..\cores\arduino_samd_mkrwifi1010_80f043dff363cc91995147f06d01f4ff\core.a(hooks.c.o)
 .debug_info    0x000244eb     0x5e43 C:\Users\DELL\AppData\Local\Temp\arduino\sketches\304AA5B8CE69DCF7CC740909698E0E45/..\..\cores\arduino_samd_mkrwifi1010_80f043dff363cc91995147f06d01f4ff\core.a(main.cpp.o)
 .debug_info    0x0002a32e     0x34b7 C:\Users\DELL\AppData\Local\Temp\arduino\sketches\304AA5B8CE69DCF7CC740909698E0E45/..\..\cores\arduino_samd_mkrwifi1010_80f043dff363cc91995147f06d01f4ff\core.a(startup.c.o)
 .debug_info    0x0002d7e5     0x2d83 C:\Users\DELL\AppData\Local\Temp\arduino\sketches\304AA5B8CE69DCF7CC740909698E0E45/..\..\cores\arduino_samd_mkrwifi1010_80f043dff363cc91995147f06d01f4ff\core.a(wiring.c.o)
 .debug_info    0x00030568     0x4f4c C:\Users\DELL\AppData\Local\Temp\arduino\sketches\304AA5B8CE69DCF7CC740909698E0E45/..\..\cores\arduino_samd_mkrwifi1010_80f043dff363cc91995147f06d01f4ff\core.a(wiring_analog.c.o)
 .debug_info    0x000354b4     0x1856 C:\Users\DELL\AppData\Local\Temp\arduino\sketches\304AA5B8CE69DCF7CC740909698E0E45/..\..\cores\arduino_samd_mkrwifi1010_80f043dff363cc91995147f06d01f4ff\core.a(wiring_digital.c.o)
 .debug_info    0x00036d0a     0x17e0 C:\Users\DELL\AppData\Local\Temp\arduino\sketches\304AA5B8CE69DCF7CC740909698E0E45/..\..\cores\arduino_samd_mkrwifi1010_80f043dff363cc91995147f06d01f4ff\core.a(wiring_private.c.o)
 .debug_info    0x000384ea     0x6409 C:\Users\DELL\AppData\Local\Temp\arduino\sketches\304AA5B8CE69DCF7CC740909698E0E45/..\..\cores\arduino_samd_mkrwifi1010_80f043dff363cc91995147f06d01f4ff\core.a(Reset.cpp.o)
 .debug_info    0x0003e8f3     0xdaaf C:\Users\DELL\AppData\Local\Temp\arduino\sketches\304AA5B8CE69DCF7CC740909698E0E45/..\..\cores\arduino_samd_mkrwifi1010_80f043dff363cc91995147f06d01f4ff\core.a(USBCore.cpp.o)
 .debug_info    0x0004c3a2      0x686 C:\Users\DELL\AppData\Local\Temp\arduino\sketches\304AA5B8CE69DCF7CC740909698E0E45/..\..\cores\arduino_samd_mkrwifi1010_80f043dff363cc91995147f06d01f4ff\core.a(PluggableUSB.cpp.o)
 .debug_info    0x0004ca28      0xf3b C:\Users\DELL\AppData\Local\Temp\arduino\sketches\304AA5B8CE69DCF7CC740909698E0E45/..\..\cores\arduino_samd_mkrwifi1010_80f043dff363cc91995147f06d01f4ff\core.a(new.cpp.o)
 .debug_info    0x0004d963     0x9b3a C:\Users\DELL\AppData\Local\Temp\arduino\sketches\304AA5B8CE69DCF7CC740909698E0E45/..\..\cores\arduino_samd_mkrwifi1010_80f043dff363cc91995147f06d01f4ff\core.a(CDC.cpp.o)

.debug_abbrev   0x00000000     0x6589